Microchip Technology Inc, v2.00 (A)

Tool Name:
  /opt/microchip/xc16/v2.00/bin/bin/../bin/elf-ld

Command:
  -p33FJ128MC804 \
  -o \
  dist/default/production/SerialusM2MDevlinuxcopy_3_42_pm_28_09_.X.production.elf \
  -L/opt/microchip/xc16/v2.00/bin/bin/.. \
  -L/opt/microchip/xc16/v2.00/bin/bin/../../lib \
  -L/opt/microchip/xc16/v2.00/bin/bin/../../support/PIC24E/gld \
  -L/opt/microchip/xc16/v2.00/bin/bin/../../support/PIC24F/gld \
  -L/opt/microchip/xc16/v2.00/bin/bin/../../support/PIC24H/gld \
  -L/opt/microchip/xc16/v2.00/bin/bin/../../support/dsPIC30F/gld \
  -L/opt/microchip/xc16/v2.00/bin/bin/../../support/dsPIC33C/gld \
  -L/opt/microchip/xc16/v2.00/bin/bin/../../support/dsPIC33E/gld \
  -L/opt/microchip/xc16/v2.00/bin/bin/../../support/dsPIC33F/gld \
  build/default/production/Fonctions_deplacements.o \
  build/default/production/Uart.o \
  build/default/production/asserv.o \
  build/default/production/autom_R1.o \
  build/default/production/autom_R2.o \
  build/default/production/codeurs.o \
  build/default/production/debug.o \
  build/default/production/gestion_AX12.o \
  build/default/production/interruptions.o \
  build/default/production/main.o \
  build/default/production/pwm.o \
  build/default/production/strategie.o \
  build/default/production/system.o \
  build/default/production/Serialus.o \
  build/default/production/evitement.o \
  build/default/production/autom_virtual.o \
  build/default/production/RF_uart.o \
  build/default/production/serialusM2M.o \
  --defsym=__MPLAB_BUILD=1 \
  -Tp33FJ128MC804.gld.00 \
  --stack=16 \
  --check-sections \
  --data-init \
  --pack-data \
  --handles \
  --isr \
  --no-gc-sections \
  --fill-upper=0 \
  --stackguard=16 \
  --no-force-link \
  --smart-io \
  -Map=dist/default/production/SerialusM2MDevlinuxcopy(3_42_pm_28_09).X.production.map \
  --report-mem \
  --memorysummary \
  dist/default/production/memoryfile.xml \
  -start-group \
  --library=c99-pic30-elf \
  --library=m-elf \
  --library=c99-elf \
  -end-group \


Optional library libp33FJ128MC804.a not found
Archive member included because of file (symbol)

/opt/microchip/xc16/v2.00/bin/bin/../../lib/libc99-pic30-elf.a(crt0_standard.o)
                              (__resetPRI)
/opt/microchip/xc16/v2.00/bin/bin/../../lib/libc99-pic30-elf.a(data_init_standard.o)
                              /opt/microchip/xc16/v2.00/bin/bin/../../lib/libc99-pic30-elf.a(crt0_standard.o) (__data_init_standard)
/opt/microchip/xc16/v2.00/bin/bin/../../lib/libc99-pic30-elf.a(crt_start_mode_normal.Meo)
                              (__crt_start_mode_normal)
/opt/microchip/xc16/v2.00/bin/bin/../../lib/libc99-pic30-elf.a(delay32.Meo)
                              build/default/production/Fonctions_deplacements.o (___delay32)
/opt/microchip/xc16/v2.00/bin/bin/../../lib/libc99-pic30-elf.a(deqltle.XX_o)
                              build/default/production/asserv.o (___eqdf2)
/opt/microchip/xc16/v2.00/bin/bin/../../lib/libc99-pic30-elf.a(dgtge.XX_o)
                              build/default/production/asserv.o (___gtdf2)
/opt/microchip/xc16/v2.00/bin/bin/../../lib/libc99-pic30-elf.a(dne.XX_o)
                              build/default/production/Fonctions_deplacements.o (___nedf2)
/opt/microchip/xc16/v2.00/bin/bin/../../lib/libc99-pic30-elf.a(extendsfdf.XX_o)
                              build/default/production/gestion_AX12.o (___extendsfdf2)
/opt/microchip/xc16/v2.00/bin/bin/../../lib/libc99-pic30-elf.a(fixdfsi.XX_o)
                              build/default/production/asserv.o (_(float, int, long long, double, float, short, int))
/opt/microchip/xc16/v2.00/bin/bin/../../lib/libc99-pic30-elf.a(fixsfsi.XX_o)
                              build/default/production/gestion_AX12.o (_(float, int, long long, short, float, short, int))
/opt/microchip/xc16/v2.00/bin/bin/../../lib/libc99-pic30-elf.a(fixunsdfdi.XX_o)
                              build/default/production/Fonctions_deplacements.o (___fixunsdfdi)
/opt/microchip/xc16/v2.00/bin/bin/../../lib/libc99-pic30-elf.a(fixunsdfsi.XX_o)
                              build/default/production/pwm.o (___fixunsdfsi)
/opt/microchip/xc16/v2.00/bin/bin/../../lib/libc99-pic30-elf.a(floatdidf.XX_o)
                              build/default/production/codeurs.o (___floatdidf)
/opt/microchip/xc16/v2.00/bin/bin/../../lib/libc99-pic30-elf.a(floatsidf.XX_o)
                              build/default/production/Fonctions_deplacements.o (___floatsidf)
/opt/microchip/xc16/v2.00/bin/bin/../../lib/libc99-pic30-elf.a(floatsisf.XX_o)
                              build/default/production/gestion_AX12.o (___floatsisf)
/opt/microchip/xc16/v2.00/bin/bin/../../lib/libc99-pic30-elf.a(floatundidf.XX_o)
                              /opt/microchip/xc16/v2.00/bin/bin/../../lib/libc99-pic30-elf.a(floatdidf.XX_o) (___floatundidf)
/opt/microchip/xc16/v2.00/bin/bin/../../lib/libc99-pic30-elf.a(floatunsidf.XX_o)
                              build/default/production/asserv.o (___floatunsidf)
[...]
Memory Configuration

Name             Origin             Length             Attributes
data             0x000800           0x004000           a !xr
reset            0x000000           0x000004  
ivt              0x000004           0x0000fc  
_reserved        0x000100           0x000004  
aivt             0x000104           0x0000fc  
program          0x000200           0x015600           xr
FBS              0xf80000           0x000002  
FSS              0xf80002           0x000002  
FGS              0xf80004           0x000002  
FOSCSEL          0xf80006           0x000002  
FOSC             0xf80008           0x000002  
FWDT             0xf8000a           0x000002  
FPOR             0xf8000c           0x000002  
FICD             0xf8000e           0x000002  
FUID0            0xf80010           0x000002  
FUID1            0xf80012           0x000002  
FUID2            0xf80014           0x000002  
FUID3            0xf80016           0x000002  
*default*        0x000000           0xffffffffffffffff  

Linker script and memory map

LOAD build/default/production/Fonctions_deplacements.o
LOAD build/default/production/Uart.o
LOAD build/default/production/asserv.o
LOAD build/default/production/autom_R1.o
LOAD build/default/production/autom_R2.o
LOAD build/default/production/codeurs.o
LOAD build/default/production/debug.o
LOAD build/default/production/gestion_AX12.o
LOAD build/default/production/interruptions.o
LOAD build/default/production/main.o
LOAD build/default/production/pwm.o
LOAD build/default/production/strategie.o
LOAD build/default/production/system.o
LOAD build/default/production/Serialus.o
LOAD build/default/production/evitement.o
LOAD build/default/production/autom_virtual.o
LOAD build/default/production/RF_uart.o
LOAD build/default/production/serialusM2M.o
                    0x0001                  __MPLAB_BUILD = 0x1
LOAD p33FJ128MC804
LOAD /opt/microchip/xc16/v2.00/bin/bin/../../lib/libfx-elf.a
                    0xf80000                  __FBS = 0xf80000
                    0xf80002                  __FSS = 0xf80002
                    0xf80004                  __FGS = 0xf80004
                    0xf80006                  __FOSCSEL = 0xf80006
                    0xf80008                  __FOSC = 0xf80008
                    0xf8000a                  __FWDT = 0xf8000a
                    0xf8000c                  __FPOR = 0xf8000c
                    0xf8000e                  __FICD = 0xf8000e
                    0xf80010                  __FUID0 = 0xf80010
                    0xf80012                  __FUID1 = 0xf80012
                    0xf80014                  __FUID2 = 0xf80014
                    0xf80016                  __FUID3 = 0xf80016
                    0x0200                  __CODE_BASE = 0x200
                    0x15600                  __CODE_LENGTH = 0x15600
                    0x0004                  __IVT_BASE = 0x4
                    0x0104                  __AIVT_BASE = 0x104
                    0x0800                  __DATA_BASE = 0x800
                    0x4000                  __DATA_LENGTH = 0x4000
                    0x2800                  __YDATA_BASE = 0x2800
                    0x47ff                  __YDATA_END = 0x47ff
                    0x4000                  __DMA_BASE = 0x4000
                    0x47ff                  __DMA_END = 0x47ff

.reset            0x000000          0x4
                  0x000000          0x2 SHORT 0x200 ABSOLUTE (__reset)
                  0x000001          0x2 SHORT 0x4
                  0x000002          0x2 SHORT 0x0 ((ABSOLUTE (__reset) >> 0x10) & 0x7f)
                  0x000003          0x2 SHORT 0x0

.text             0x000200       0x5c76
 *(.init)
 .init            0x000200         0x4c /opt/microchip/xc16/v2.00/bin/bin/../../lib/libc99-pic30-elf.a(crt0_standard.o)
                  0x000200                  __reset
                  0x000200                  __resetPRI
                  0x00023c                  __psv_init
 .init            0x00024c         0x7c /opt/microchip/xc16/v2.00/bin/bin/../../lib/libc99-pic30-elf.a(data_init_standard.o)
                  0x000252                  __data_init
                  0x000252                  __data_init_standard
 *(.user_init)
 *(.handle)
 .handle          0x0002c8          0xc jump_table
 *(.isr*)
 .isr.text        0x0002d4        0x1da build/default/production/interruptions.o
                  0x0002d4                  __T1Interrupt
                  0x00033c                  __T2Interrupt
                  0x00035a                  __T3Interrupt
                  0x000388                  __T4Interrupt
                  0x0003fa                  __T5Interrupt
                  0x000408                  __QEI1Interrupt
                  0x00042c                  __QEI2Interrupt
                  0x000450                  __U1RXInterrupt
                  0x00047a                  __U2RXInterrupt
                  0x00049c                  __U2TXInterrupt
 .isr             0x0004ae          0x4 default_isr
                  0x0004ae                  __DefaultInterrupt
 *(.libc)
 .libc            0x0004b2         0x1e /opt/microchip/xc16/v2.00/bin/bin/../../lib/libc99-pic30-elf.a(lseek.dMeo)
                  0x0004b2                  _lseek
 .libc            0x0004d0         0x18 /opt/microchip/xc16/v2.00/bin/bin/../../lib/libc99-pic30-elf.a(close.dMeo)
                  0x0004d0                  _close
 .libc            0x0004e8         0x8a /opt/microchip/xc16/v2.00/bin/bin/../../lib/libc99-pic30-elf.a(write.dMeo)
                  0x0004e8                  _write
 *(.libm)
 *(.libdsp)
 *(.lib*)
 .libpic30_crt_start_mode
                  0x000572          0x2 /opt/microchip/xc16/v2.00/bin/bin/../../lib/libc99-pic30-elf.a(crt_start_mode_normal.Meo)
                  0x000572                  __crt_start_mode_normal
                  0x000572                  __crt_start_mode
 .libm.eqdf2      0x000574          0xa /opt/microchip/xc16/v2.00/bin/bin/../../lib/libc99-pic30-elf.a(deqltle.XX_o)
                  0x000574                  ___ledf2
                  0x000574                  ___eqdf2
                  0x000574                  ___ltdf2
 .libm.gtdf2      0x00057e          0xa /opt/microchip/xc16/v2.00/bin/bin/../../lib/libc99-pic30-elf.a(dgtge.XX_o)
                  0x00057e                  ___gedf2
                  0x00057e                  ___gtdf2
 .libm.nedf2      0x000588          0xa /opt/microchip/xc16/v2.00/bin/bin/../../lib/libc99-pic30-elf.a(dne.XX_o)
                  0x000588                  ___nedf2
 .libm.extendsfdf2
                  0x000592         0x3e /opt/microchip/xc16/v2.00/bin/bin/../../lib/libc99-pic30-elf.a(extendsfdf.XX_o)
                  0x000592                  ___extendsfdf2
 .libm.fixdfsi    0x0005d0         0x58 /opt/microchip/xc16/v2.00/bin/bin/../../lib/libc99-pic30-elf.a(fixdfsi.XX_o)
                  0x0005d0                  _(float, int, long long, double, float, short, int)
 .libm.fixsfsi    0x000628         0x42 /opt/microchip/xc16/v2.00/bin/bin/../../lib/libc99-pic30-elf.a(fixsfsi.XX_o)
                  0x000628                  _(float, int, long long, short, float, short, int)
 .libm.fixunsdfdi
                  0x00066a         0x62 /opt/microchip/xc16/v2.00/bin/bin/../../lib/libc99-pic30-elf.a(fixunsdfdi.XX_o)
                  0x00066a                  ___fixunsdfdi
 .libm.fixunsdfsi
                  0x0006cc         0x4c /opt/microchip/xc16/v2.00/bin/bin/../../lib/libc99-pic30-elf.a(fixunsdfsi.XX_o)
                  0x0006cc                  ___fixunsdfsi
 .libm.floatdidf
                  0x000718         0x20 /opt/microchip/xc16/v2.00/bin/bin/../../lib/libc99-pic30-elf.a(floatdidf.XX_o)
                  0x000718                  ___floatdidf
 .libm.floatsidf
                  0x000738          0x6 /opt/microchip/xc16/v2.00/bin/bin/../../lib/libc99-pic30-elf.a(floatsidf.XX_o)
                  0x000738                  ___floatsidf
 .libm.floatsisf
                  0x00073e          0x6 /opt/microchip/xc16/v2.00/bin/bin/../../lib/libc99-pic30-elf.a(floatsisf.XX_o)
                  0x00073e                  ___floatsisf
 .libm.floatundidf
                  0x000744         0x56 /opt/microchip/xc16/v2.00/bin/bin/../../lib/libc99-pic30-elf.a(floatundidf.XX_o)
                  0x000744                  ___floatundidf
 .libm.floatunsidf
                  0x00079a          0x4 /opt/microchip/xc16/v2.00/bin/bin/../../lib/libc99-pic30-elf.a(floatunsidf.XX_o)
                  0x00079a                  ___floatunsidf
 .libm.funpack    0x00079e         0x2a /opt/microchip/xc16/v2.00/bin/bin/../../lib/libc99-pic30-elf.a(funpack.XX_o)
                  0x00079e                  __funpack
 .libm.truncdfsf2
                  0x0007c8         0x56 /opt/microchip/xc16/v2.00/bin/bin/../../lib/libc99-pic30-elf.a(truncdfsf.XX_o)
                  0x0007c8                  ___truncdfsf2
 .lib_dpfops      0x00081e         0xa2 /opt/microchip/xc16/v2.00/bin/bin/../../lib/libc99-pic30-elf.a(dpadd.XX_o)
                  0x00081e                  ___subdf3
                  0x00082a                  ___adddf3
 .lib_dpfops      0x0008c0        0x15e /opt/microchip/xc16/v2.00/bin/bin/../../lib/libc99-pic30-elf.a(dpdiv.XX_o)
                  0x0008c0                  ___divdf3
 .lib_dpfops      0x000a1e        0x11a /opt/microchip/xc16/v2.00/bin/bin/../../lib/libc99-pic30-elf.a(dpmul.XX_o)
                  0x000a1e                  ___muldf3
 .lib_dpfops      0x000b38        0x128 /opt/microchip/xc16/v2.00/bin/bin/../../lib/libc99-pic30-elf.a(dpsubs.XX_o)
                  0x000b52                  __dxchg
                  0x000b60                  __drshft
                  0x000bba                  __dupchk
                  0x000c1c                  __drndex
                  0x000c26                  __dnsrnd
                  0x000c52                  __dpakex
 .libmx           0x000c60        0x1dc /opt/microchip/xc16/v2.00/bin/bin/../../lib/libc99-pic30-elf.a(addsf3x.XX_o)
                  0x000c60                  ___subsf3
                  0x000c60                  ___subsf3x
                  0x000c72                  ___addsf3
                  0x000c72                  ___addsf3x
 .libmx           0x000e3c        0x10c /opt/microchip/xc16/v2.00/bin/bin/../../lib/libc99-pic30-elf.a(mulsf3x.XX_o)
                  0x000e3c                  ___mulsf3
                  0x000e3c                  ___mulsf3x
 .libmx           0x000f48         0x54 /opt/microchip/xc16/v2.00/bin/bin/../../lib/libc99-pic30-elf.a(dnrmpackfx.XX_o)
                  0x000f48                  __dnrmpackf
 .libmx           0x000f9c         0x5e /opt/microchip/xc16/v2.00/bin/bin/../../lib/libc99-pic30-elf.a(unpackdnrmfx.XX_o)
                  0x000f9c                  __unpackdnrmf
 .libmx           0x000ffa         0x34 /opt/microchip/xc16/v2.00/bin/bin/../../lib/libc99-pic30-elf.a(typefx.XX_o)
                  0x000ffa                  __typef
 .libmx           0x00102e         0x12 /opt/microchip/xc16/v2.00/bin/bin/../../lib/libc99-pic30-elf.a(propnanfx.XX_o)
                  0x00102e                  __propnanf
 .libm.dcompare
                  0x001040         0x52 /opt/microchip/xc16/v2.00/bin/bin/../../lib/libc99-pic30-elf.a(dcompare.XX_o)
                  0x001040                  __dcompare
 .libm.dpack      0x001092         0x58 /opt/microchip/xc16/v2.00/bin/bin/../../lib/libc99-pic30-elf.a(dpack.XX_o)
                  0x001092                  __dpack
 .libm.dtype      0x0010ea         0x24 /opt/microchip/xc16/v2.00/bin/bin/../../lib/libc99-pic30-elf.a(dtype.XX_o)
                  0x0010ea                  __dtype
 .libm.dunpack    0x00110e         0x4e /opt/microchip/xc16/v2.00/bin/bin/../../lib/libc99-pic30-elf.a(dunpack.XX_o)
                  0x00110e                  __dunpack
 .libm.dunpack2
                  0x00115c         0x32 /opt/microchip/xc16/v2.00/bin/bin/../../lib/libc99-pic30-elf.a(dunpack2.XX_o)
                  0x00115c                  __dunpack2
                  0x00117e                  __dreturnNaN
                  0x001184                  __dunpack2exit
 .libm.floatdisf
                  0x00118e         0x20 /opt/microchip/xc16/v2.00/bin/bin/../../lib/libc99-pic30-elf.a(floatdisf.XX_o)
                  0x00118e                  ___floatdisf
 .libm.floatundisf
                  0x0011ae         0x5e /opt/microchip/xc16/v2.00/bin/bin/../../lib/libc99-pic30-elf.a(floatundisf.XX_o)
                  0x0011ae                  ___floatundisf
 .libm.fpack      0x00120c         0x4c /opt/microchip/xc16/v2.00/bin/bin/../../lib/libc99-pic30-elf.a(fpack.XX_o)
                  0x00120c                  __fpack
 .libm.dPropagateNaN
                  0x001258         0x1c /opt/microchip/xc16/v2.00/bin/bin/../../lib/libc99-pic30-elf.a(dpropagateNaN.XX_o)
                  0x001258                  __dPropagateNaN
 .libm.__PplusBdi
                  0x001274         0x26 /opt/microchip/xc16/v2.00/bin/bin/../../lib/libc99-pic30-elf.a(divmoddi3.dXX_o)
 .libm.__PminusBdi
                  0x00129a         0x26 /opt/microchip/xc16/v2.00/bin/bin/../../lib/libc99-pic30-elf.a(divmoddi3.dXX_o)
 .libm.__udivmoddi3
                  0x0012c0         0xf8 /opt/microchip/xc16/v2.00/bin/bin/../../lib/libc99-pic30-elf.a(divmoddi3.dXX_o)
                  0x0012c0                  ___udivmoddi3
 .libm.__udivdi3
                  0x0013b8          0xe /opt/microchip/xc16/v2.00/bin/bin/../../lib/libc99-pic30-elf.a(divmoddi3.dXX_o)
                  0x0013b8                  ___udivdi3
 .libm.__umoddi3
                  0x0013c6          0x8 /opt/microchip/xc16/v2.00/bin/bin/../../lib/libc99-pic30-elf.a(divmoddi3.dXX_o)
                  0x0013c6                  ___umoddi3
 .libm.__divdi3
                  0x0013ce         0x60 /opt/microchip/xc16/v2.00/bin/bin/../../lib/libc99-pic30-elf.a(divmoddi3.dXX_o)
                  0x0013ce                  ___divdi3
 .libm.__moddi3
                  0x00142e         0x5c /opt/microchip/xc16/v2.00/bin/bin/../../lib/libc99-pic30-elf.a(divmoddi3.dXX_o)
                  0x00142e                  ___moddi3
 .libm.__muldi3
                  0x00148a         0x52 /opt/microchip/xc16/v2.00/bin/bin/../../lib/libc99-pic30-elf.a(muldi3.dXX_o)
                  0x00148a                  ___muldi3
 .libm.umuldi3    0x0014dc         0x44 /opt/microchip/xc16/v2.00/bin/bin/../../lib/libc99-pic30-elf.a(umuldi3.XX_o)
                  0x0014dc                  ___umuldi3
 .libc.__LONG_DOUBLE_BITS
                  0x001520          0x2 /opt/microchip/xc16/v2.00/bin/bin/../../lib/libm-elf.a(atan2.dXX_o)
 .libc.atan2      0x001522        0x25c /opt/microchip/xc16/v2.00/bin/bin/../../lib/libm-elf.a(atan2.dXX_o)
                  0x001522                  _atan2
 .libc.cos        0x00177e         0xbe /opt/microchip/xc16/v2.00/bin/bin/../../lib/libm-elf.a(cos.dXX_o)
                  0x00177e                  _cos
 .libc.sin        0x00183c        0x102 /opt/microchip/xc16/v2.00/bin/bin/../../lib/libm-elf.a(sin.dXX_o)
                  0x00183c                  _sin
 .libc.sqrt       0x00193e        0x2fc /opt/microchip/xc16/v2.00/bin/bin/../../lib/libm-elf.a(sqrt.dXX_o)
                  0x00193e                  _sqrt
 .libc.__LONG_DOUBLE_BITS
                  0x001c3a          0x2 /opt/microchip/xc16/v2.00/bin/bin/../../lib/libm-elf.a(atan.dXX_o)
 .libc.atan       0x001c3c        0x32e /opt/microchip/xc16/v2.00/bin/bin/../../lib/libm-elf.a(atan.dXX_o)
                  0x001c3c                  _atan
 .libc.fabs       0x001f6a         0x16 /opt/microchip/xc16/v2.00/bin/bin/../../lib/libm-elf.a(fabs.dXX_o)
                  0x001f6a                  _fabs
 .libc.__cos      0x001f80        0x17a /opt/microchip/xc16/v2.00/bin/bin/../../lib/libm-elf.a(__cos.dXX_o)
                  0x001f80                  ___cos
 .libc.__rem_pio2
                  0x0020fa        0x596 /opt/microchip/xc16/v2.00/bin/bin/../../lib/libm-elf.a(__rem_pio2.dXX_o)
                  0x0020fa                  ___rem_pio2
 .libc.__sin      0x002690        0x19c /opt/microchip/xc16/v2.00/bin/bin/../../lib/libm-elf.a(__sin.dXX_o)
                  0x002690                  ___sin
 .libc.__rem_pio2_large
                  0x00282c        0x8ee /opt/microchip/xc16/v2.00/bin/bin/../../lib/libm-elf.a(__rem_pio2_large.dXX_o)
                  0x00282c                  ___rem_pio2_large
 .libc.floor      0x00311a         0xf8 /opt/microchip/xc16/v2.00/bin/bin/../../lib/libm-elf.a(floor.dXX_o)
                  0x00311a                  _floor
 .libc.scalbn     0x003212         0x60 /opt/microchip/xc16/v2.00/bin/bin/../../lib/libm-elf.a(scalbn.dXX_o)
                  0x003212                  _scalbn
 .libc.puts       0x003272         0x1a /opt/microchip/xc16/v2.00/bin/bin/../../lib/libc99-elf.a(puts.dXX_o)
                  0x003272                  _puts
 .libc.__dummy0
                  0x00328c          0x2 /opt/microchip/xc16/v2.00/bin/bin/../../lib/libc99-elf.a(stdout.dXX_o)
                  0x00328c                  ___stdio_seek
 .libc.__dummy    0x00328e          0x4 /opt/microchip/xc16/v2.00/bin/bin/../../lib/libc99-elf.a(stdout.dXX_o)
                  0x00328e                  ___get_stdout
 .libc.__init_stdout
                  0x003292          0x8 /opt/microchip/xc16/v2.00/bin/bin/../../lib/libc99-elf.a(stdout.dXX_o)
                  0x003292                  ___init_stdout
 .libc.strncpy    0x00329a          0xe /opt/microchip/xc16/v2.00/bin/bin/../../lib/libc99-elf.a(strncpy.dXX_o)
                  0x00329a                  _strncpy
 .libc.__string_out
                  0x0032a8         0x28 /opt/microchip/xc16/v2.00/bin/bin/../../lib/libc99-elf.a(__out.dXX_o)
 .libc.__fwrite_min
                  0x0032d0          0x4 /opt/microchip/xc16/v2.00/bin/bin/../../lib/libc99-elf.a(__out.dXX_o)
                  0x0032d0                  ___stdio_write_unbuffered
                  0x0032d0                  ___fwrite
                  0x0032d0                  ___stdio_write
 .libc.__out      0x0032d4         0x10 /opt/microchip/xc16/v2.00/bin/bin/../../lib/libc99-elf.a(__out.dXX_o)
                  0x0032d4                  ___out
                  0x0032d4                  ___out_needed
 .libc.__stdio_close
                  0x0032e4         0x48 /opt/microchip/xc16/v2.00/bin/bin/../../lib/libc99-elf.a(__stdio_close.dXX_o)
                  0x0032e4                  ___stdio_close
 .libc.__stdio_close_rw
                  0x00332c         0x64 /opt/microchip/xc16/v2.00/bin/bin/../../lib/libc99-elf.a(__stdio_close.dXX_o)
                  0x00332c                  ___stdio_close_rw
 .libc.fputs      0x003390         0x28 /opt/microchip/xc16/v2.00/bin/bin/../../lib/libc99-elf.a(fputs.dXX_o)
                  0x003390                  _fputs
                  0x003390                  _fputs_unlocked
 .libc.__fwrite_min
                  0x0033b8          0x4 /opt/microchip/xc16/v2.00/bin/bin/../../lib/libc99-elf.a(fwrite.dXX_o)
 .libc.fwrite     0x0033bc         0x2c /opt/microchip/xc16/v2.00/bin/bin/../../lib/libc99-elf.a(fwrite.dXX_o)
                  0x0033bc                  _fwrite_unlocked
                  0x0033bc                  _fwrite
 .libc.memcpy     0x0033e8          0xe /opt/microchip/xc16/v2.00/bin/bin/../../lib/libc99-elf.a(memcpy.dXX_o)
                  0x0033e8                  _memcpy
 .libc.__putc_unbuffered
                  0x0033f6         0x30 /opt/microchip/xc16/v2.00/bin/bin/../../lib/libc99-elf.a(putc.dXX_o)
                  0x0033f6                  ___putc_unbuffered
                  0x0033f6                  ___putc
 .libc.putc       0x003426          0x2 /opt/microchip/xc16/v2.00/bin/bin/../../lib/libc99-elf.a(putc.dXX_o)
                  0x003426                  __IO_putc
                  0x003426                  _putc
                  0x003426                  _fputc
                  0x003426                  _putc_unlocked
 .libc.__stpncpy
                  0x003428         0x6a /opt/microchip/xc16/v2.00/bin/bin/../../lib/libc99-elf.a(stpncpy.dXX_o)
                  0x003428                  ___stpncpy
                  0x003428                  _stpncpy
 .libc.strlen     0x003492         0x30 /opt/microchip/xc16/v2.00/bin/bin/../../lib/libc99-elf.a(strlen.dXX_o)
                  0x003492                  _strlen
 .libc.memset     0x0034c2         0xc6 /opt/microchip/xc16/v2.00/bin/bin/../../lib/libc99-elf.a(memset.dXX_o)
                  0x0034c2                  _memset
 .libc.__wrap_printf
                  0x003588         0x10 /opt/microchip/xc16/v2.00/bin/bin/../../lib/libc99-elf.a(__sio_printf_dfoux.dXX_o)
                  0x003588                  __printf_cdgGnopuxX
                  0x003588                  __printf_cdeEfFgGnopuxX
                  0x003588                  __printf_cdfFnopuxX
                  0x003588                  __dprintf_cdeEfFgGnopuxX
                  0x003588                  __dprintf_cdgGnopuxX
                  0x003588                  __dprintf_cdeEgGnopuxX
                  0x003588                  __dprintf_cdeEfFnopuxX
                  0x003588                  __printf_cdeEgGnopuxX
                  0x003588                  __printf_cdeEnopuxX
                  0x003588                  __printf_cdeEfFnopuxX
                  0x003588                  __dprintf_cdfFnopuxX
                  0x003588                  __dprintf_cdfFgGnopuxX
                  0x003588                  __dprintf_cdeEnopuxX
                  0x003588                  __printf_cdfFgGnopuxX
 .libc.__sio_printf_dfoux
                  0x003598          0xc /opt/microchip/xc16/v2.00/bin/bin/../../lib/libc99-elf.a(__sio_printf_dfoux.dXX_o)
                  0x003598                  ___sio_printf_dfoux
 .libc.__fmt_d    0x0035a4         0xb2 /opt/microchip/xc16/v2.00/bin/bin/../../lib/libc99-elf.a(__fmt_d.dXX_o)
                  0x0035a4                  ___fmt_d_needed
                  0x0035a4                  ___fmt_d
 .libc.__LONG_DOUBLE_BITS
                  0x003656          0x2 /opt/microchip/xc16/v2.00/bin/bin/../../lib/libc99-elf.a(__fmt_fp.dXX_o)
 .libc.__fmt_fp
                  0x003658        0x544 /opt/microchip/xc16/v2.00/bin/bin/../../lib/libc99-elf.a(__fmt_fp.dXX_o)
                  0x003658                  ___fmt_fp
                  0x003658                  ___fmt_f_needed
 .libc.__fmt_o    0x003b9c         0x6a /opt/microchip/xc16/v2.00/bin/bin/../../lib/libc99-elf.a(__fmt_o.dXX_o)
                  0x003b9c                  ___fmt_o_needed
                  0x003b9c                  ___fmt_o
 .libc.__fmt_s    0x003c06         0x54 /opt/microchip/xc16/v2.00/bin/bin/../../lib/libc99-elf.a(__fmt_s.dXX_o)
                  0x003c06                  ___fmt_s
                  0x003c06                  ___fmt_0_needed
                  0x003c06                  ___fmt_s_needed
 .libc.__cvt_u    0x003c5a         0xa4 /opt/microchip/xc16/v2.00/bin/bin/../../lib/libc99-elf.a(__fmt_u.dXX_o)
                  0x003c5a                  ___cvt_u
 .libc.__fmt_u    0x003cfe         0x52 /opt/microchip/xc16/v2.00/bin/bin/../../lib/libc99-elf.a(__fmt_u.dXX_o)
                  0x003cfe                  ___fmt_u_needed
                  0x003cfe                  ___fmt_u
 .libc.__fmt_x    0x003d50        0x14a /opt/microchip/xc16/v2.00/bin/bin/../../lib/libc99-elf.a(__fmt_x.dXX_o)
                  0x003d50                  ___fmt_x
                  0x003d50                  ___fmt_x_needed
 .libc.__vfprintf
                  0x003e9a         0x1c /opt/microchip/xc16/v2.00/bin/bin/../../lib/libc99-elf.a(__int_vfprintf.dXX_o)
                  0x003e9a                  ___vfprintf
 .libc.__string_out
                  0x003eb6         0x28 /opt/microchip/xc16/v2.00/bin/bin/../../lib/libc99-elf.a(__printf_core.dXX_o)
 .libc.__pad      0x003ede         0x74 /opt/microchip/xc16/v2.00/bin/bin/../../lib/libc99-elf.a(__printf_core.dXX_o)
                  0x003ede                  ___pad
 .libc.__dummy_fmt3
                  0x003f52          0x2 /opt/microchip/xc16/v2.00/bin/bin/../../lib/libc99-elf.a(__printf_core.dXX_o)
 .libc.__dummy_fmt4
                  0x003f54          0x2 /opt/microchip/xc16/v2.00/bin/bin/../../lib/libc99-elf.a(__printf_core.dXX_o)
                  0x003f54                  ___fmt_a
 .libc.__dummy_fmts
                  0x003f56          0x2 /opt/microchip/xc16/v2.00/bin/bin/../../lib/libc99-elf.a(__printf_core.dXX_o)
 .libc.__fmt_state
                  0x003f58         0x2c /opt/microchip/xc16/v2.00/bin/bin/../../lib/libc99-elf.a(__printf_core.dXX_o)
                  0x003f58                  ___fmt_state
 .libc.vfpfcnvrt.clone.0
                  0x003f84        0x2c0 /opt/microchip/xc16/v2.00/bin/bin/../../lib/libc99-elf.a(__printf_core.dXX_o)
 .libc.__printf_core
                  0x004244         0x40 /opt/microchip/xc16/v2.00/bin/bin/../../lib/libc99-elf.a(__printf_core.dXX_o)
                  0x004244                  ___printf_core
 .libc.__wrap_printf_L
                  0x004284         0x10 /opt/microchip/xc16/v2.00/bin/bin/../../lib/libc99-elf.a(__sio_printf_dfouxL.dXX_o)
                  0x004284                  __printf_cdeEfFgGnopuxXL
                  0x004284                  __dprintf_cdeEfFnopuxXL
                  0x004284                  __dprintf_cdfFnopuxXL
                  0x004284                  __dprintf_cdeEnopuxXL
                  0x004284                  __printf_cdeEnopuxXL
                  0x004284                  __dprintf_cdeEgGnopuxXL
                  0x004284                  __printf_cdgGnopuxXL
                  0x004284                  __dprintf_cdeEfFgGnopuxXL
                  0x004284                  __dprintf_cdfFgGnopuxXL
                  0x004284                  __printf_cdfFnopuxXL
                  0x004284                  __printf_cdfFgGnopuxXL
                  0x004284                  __printf_cdeEfFnopuxXL
                  0x004284                  __printf_cdeEgGnopuxXL
                  0x004284                  __dprintf_cdgGnopuxXL
 .libc.__sio_printf_dfouxL
                  0x004294          0xc /opt/microchip/xc16/v2.00/bin/bin/../../lib/libc99-elf.a(__sio_printf_dfouxL.dXX_o)
                  0x004294                  ___sio_printf_dfouxL
 .libc.__wrap_printf
                  0x0042a0         0x10 /opt/microchip/xc16/v2.00/bin/bin/../../lib/libc99-elf.a(__sio_printf_doux.dXX_o)
                  0x0042a0                  __dprintf_cdnopuxX
                  0x0042a0                  __printf_cdnopuxX
 .libc.__sio_printf_doux
                  0x0042b0          0xa /opt/microchip/xc16/v2.00/bin/bin/../../lib/libc99-elf.a(__sio_printf_doux.dXX_o)
                  0x0042b0                  ___sio_printf_doux
 .libc.atof       0x0042ba          0x4 /opt/microchip/xc16/v2.00/bin/bin/../../lib/libc99-elf.a(atof.dXX_o)
                  0x0042ba                  _atof
 .libc.strtox     0x0042be         0x58 /opt/microchip/xc16/v2.00/bin/bin/../../lib/libc99-elf.a(strtod.dXX_o)
 .libc.strtof     0x004316          0x6 /opt/microchip/xc16/v2.00/bin/bin/../../lib/libc99-elf.a(strtod.dXX_o)
                  0x004316                  _strtof_l
                  0x004316                  ___strtof_l
                  0x004316                  _strtof
 .libc.strtod     0x00431c          0x4 /opt/microchip/xc16/v2.00/bin/bin/../../lib/libc99-elf.a(strtod.dXX_o)
                  0x00431c                  _strtod_l
                  0x00431c                  ___strtod_l
                  0x00431c                  _strtod
 .libc.strtold    0x004320          0x4 /opt/microchip/xc16/v2.00/bin/bin/../../lib/libc99-elf.a(strtod.dXX_o)
                  0x004320                  ___strtold_l
                  0x004320                  _strtold_l
                  0x004320                  _strtold
 .libc.__isspace
                  0x004324         0x14 /opt/microchip/xc16/v2.00/bin/bin/../../lib/libc99-elf.a(floatscan.dXX_o)
 .libc.scanexp    0x004338        0x17a /opt/microchip/xc16/v2.00/bin/bin/../../lib/libc99-elf.a(floatscan.dXX_o)
 .libc.hexfloat
                  0x0044b2        0x54e /opt/microchip/xc16/v2.00/bin/bin/../../lib/libc99-elf.a(floatscan.dXX_o)
 .libc.decfloat
                  0x004a00        0x8f0 /opt/microchip/xc16/v2.00/bin/bin/../../lib/libc99-elf.a(floatscan.dXX_o)
 .libc.__floatscan
                  0x0052f0        0x22a /opt/microchip/xc16/v2.00/bin/bin/../../lib/libc99-elf.a(floatscan.dXX_o)
                  0x0052f0                  ___floatscan
 .libc.__shlim    0x00551a         0x4a /opt/microchip/xc16/v2.00/bin/bin/../../lib/libc99-elf.a(shgetc.dXX_o)
                  0x00551a                  ___shlim
 .libc.__shgetc
                  0x005564        0x12a /opt/microchip/xc16/v2.00/bin/bin/../../lib/libc99-elf.a(shgetc.dXX_o)
                  0x005564                  ___shgetc
 .libc.__uflow    0x00568e         0x2a /opt/microchip/xc16/v2.00/bin/bin/../../lib/libc99-elf.a(__uflow.dXX_o)
                  0x00568e                  ___uflow
 .libc.__toread
                  0x0056b8         0x50 /opt/microchip/xc16/v2.00/bin/bin/../../lib/libc99-elf.a(__toread.dXX_o)
                  0x0056b8                  ___toread
 .libc.__toread_needs_stdio_exit
                  0x005708          0x2 /opt/microchip/xc16/v2.00/bin/bin/../../lib/libc99-elf.a(__toread.dXX_o)
                  0x005708                  ___toread_needs_stdio_exit
 .libc.__dummy    0x00570a          0x2 /opt/microchip/xc16/v2.00/bin/bin/../../lib/libc99-elf.a(__stdio_exit.dXX_o)
                  0x00570a                  ___stdio_exit_ofl
 .libc.__dummy1
                  0x00570c          0x2 /opt/microchip/xc16/v2.00/bin/bin/../../lib/libc99-elf.a(__stdio_exit.dXX_o)
                  0x00570c                  ___fclose
 .libc.__stdio_exit
                  0x00570e         0x14 /opt/microchip/xc16/v2.00/bin/bin/../../lib/libc99-elf.a(__stdio_exit.dXX_o)
                  0x00570e                  ___stdio_exit
                  0x00570e                  ___stdio_exit_needed
 .libc.__isspace
                  0x005722         0x14 /opt/microchip/xc16/v2.00/bin/bin/../../lib/libc99-elf.a(atoi.dXX_o)
 .libc.atoi       0x005736         0x4c /opt/microchip/xc16/v2.00/bin/bin/../../lib/libc99-elf.a(atoi.dXX_o)
                  0x005736                  _atoi
 .libc.putchar    0x005782          0x6 /opt/microchip/xc16/v2.00/bin/bin/../../lib/libc99-elf.a(putchar.dXX_o)
                  0x005782                  _putchar
 .libc.strcpy     0x005788          0xe /opt/microchip/xc16/v2.00/bin/bin/../../lib/libc99-elf.a(strcpy.dXX_o)
                  0x005788                  _strcpy
 .libc.tolower    0x005796          0xc /opt/microchip/xc16/v2.00/bin/bin/../../lib/libc99-elf.a(tolower.dXX_o)
                  0x005796                  _tolower
 .libc.__tolower_l
                  0x0057a2          0x2 /opt/microchip/xc16/v2.00/bin/bin/../../lib/libc99-elf.a(tolower.dXX_o)
                  0x0057a2                  _tolower_l
                  0x0057a2                  ___tolower_l
 .libc.toupper    0x0057a4          0xc /opt/microchip/xc16/v2.00/bin/bin/../../lib/libc99-elf.a(toupper.dXX_o)
                  0x0057a4                  _toupper
 .libc.__toupper_l
                  0x0057b0          0x2 /opt/microchip/xc16/v2.00/bin/bin/../../lib/libc99-elf.a(toupper.dXX_o)
                  0x0057b0                  _toupper_l
                  0x0057b0                  ___toupper_l
 .libc.__pop_float
                  0x0057b2         0x2a /opt/microchip/xc16/v2.00/bin/bin/../../lib/libc99-elf.a(__pop_float.dXX_lo)
                  0x0057b2                  ___pop_float_needed
                  0x0057b2                  ___pop_float
 .libc.__pop_int
                  0x0057dc         0xb2 /opt/microchip/xc16/v2.00/bin/bin/../../lib/libc99-elf.a(__pop_int.dXX_lo)
                  0x0057dc                  ___pop_int_needed
                  0x0057dc                  ___pop_int
 .libc.__pop_ptr
                  0x00588e         0x74 /opt/microchip/xc16/v2.00/bin/bin/../../lib/libc99-elf.a(__pop_ptr.dXX_lo)
                  0x00588e                  ___pop_ptr
                  0x00588e                  ___pop_ptr_needed
 .libc.__dummy    0x005902          0x2 /opt/microchip/xc16/v2.00/bin/bin/../../lib/libc99-elf.a(__init_stdio.dXX_o)
                  0x005902                  ___init_stdin
                  0x005902                  ___init_stderr
 .libc.__init_stdio
                  0x005904          0x6 /opt/microchip/xc16/v2.00/bin/bin/../../lib/libc99-elf.a(__init_stdio.dXX_o)
                  0x005904                  ___init_stdio_needed
                  0x005904                  ___init_stdio
 .libc.__stpcpy
                  0x00590a         0x40 /opt/microchip/xc16/v2.00/bin/bin/../../lib/libc99-elf.a(stpcpy.dXX_o)
                  0x00590a                  _stpcpy
                  0x00590a                  ___stpcpy
 .libm.divsi3     0x00594a         0x1e /opt/microchip/xc16/v2.00/bin/bin/../../lib/libc99-pic30-elf.a(divsi3.XX_o)
                  0x00594a                  ___divsi3
 .libm.udivsi3    0x005968         0x20 /opt/microchip/xc16/v2.00/bin/bin/../../lib/libc99-pic30-elf.a(udivsi3.XX_o)
                  0x005968                  ___udivsi3
 .libm.umodsi3    0x005988          0x6 /opt/microchip/xc16/v2.00/bin/bin/../../lib/libc99-pic30-elf.a(umodsi3.XX_o)
                  0x005988                  ___umodsi3
 .libm.mulsi3     0x00598e          0xc /opt/microchip/xc16/v2.00/bin/bin/../../lib/libc99-pic30-elf.a(mulsi3.XX_o)
                  0x00598e                  ___mulp32eds3
                  0x00598e                  ___mulp32peds3
                  0x00598e                  ___mulsi3
 .libc.dolseek    0x00599a          0x4 /opt/microchip/xc16/v2.00/bin/bin/../../lib/libc99-pic30-elf.a(lseek.dMeo)
 .libc.doclose    0x00599e          0x4 /opt/microchip/xc16/v2.00/bin/bin/../../lib/libc99-pic30-elf.a(close.dMeo)
 .libc.dowrite    0x0059a2          0x4 /opt/microchip/xc16/v2.00/bin/bin/../../lib/libc99-pic30-elf.a(write.dMeo)
 .libc.copysignl
                  0x0059a6         0x34 /opt/microchip/xc16/v2.00/bin/bin/../../lib/libm-elf.a(copysignl.dXX_o)
                  0x0059a6                  _copysignl
 .libc.fabsl      0x0059da         0x16 /opt/microchip/xc16/v2.00/bin/bin/../../lib/libm-elf.a(fabsl.dXX_o)
                  0x0059da                  _fabsl
 .libc.floorl     0x0059f0         0xf8 /opt/microchip/xc16/v2.00/bin/bin/../../lib/libm-elf.a(floorl.dXX_o)
                  0x0059f0                  _floorl
 .libc.__LONG_DOUBLE_BITS
                  0x005ae8          0x2 /opt/microchip/xc16/v2.00/bin/bin/../../lib/libm-elf.a(fmodl.dXX_o)
 .libc.fmodl      0x005aea        0x32c /opt/microchip/xc16/v2.00/bin/bin/../../lib/libm-elf.a(fmodl.dXX_o)
                  0x005aea                  _fmodl
 .libc.scalbnl    0x005e16         0x60 /opt/microchip/xc16/v2.00/bin/bin/../../lib/libm-elf.a(scalbnl.dXX_o)
                  0x005e16                  _scalbnl

usercode
 *(usercode)

__FBS             0xf80000          0x2
 *(__FBS.sec*)
 __FBS.sec        0xf80000          0x2 /CW/_FBSxx
                  0xf80000                  __FBS.sec

__FSS             0xf80002          0x2
 *(__FSS.sec*)
 __FSS.sec        0xf80002          0x2 /CW/_FSSˆh
                  0xf80002                  __FSS.sec

__FGS             0xf80004          0x2
 *(__FGS.sec*)
 __FGS.sec        0xf80004          0x2 /CW/_FGSh§
                  0xf80004                  __FGS.sec

__FOSCSEL
 *(__FOSCSEL.sec*)

__FOSC
 *(__FOSC.sec*)

__FWDT
 *(__FWDT.sec*)

__FPOR
 *(__FPOR.sec*)

__FICD
 *(__FICD.sec*)

__FUID0
 *(__FUID0.sec*)

__FUID1
 *(__FUID1.sec*)

__FUID2
 *(__FUID2.sec*)

__FUID3
 *(__FUID3.sec*)

.comment
 *(.comment)

.debug_info       0x000000      0x14d93
 *(.debug_info)
 .debug_info      0x000000       0x126e build/default/production/Fonctions_deplacements.o
 .debug_info      0x00126e        0xdaa build/default/production/Uart.o
 .debug_info      0x002018       0x1cd7 build/default/production/asserv.o
 .debug_info      0x003cef        0x169 build/default/production/autom_R1.o
 .debug_info      0x003e58        0x80f build/default/production/autom_R2.o
 .debug_info      0x004667        0xccb build/default/production/codeurs.o
 .debug_info      0x005332        0x7ef build/default/production/debug.o
 .debug_info      0x005b21       0x169f build/default/production/gestion_AX12.o
 .debug_info      0x0071c0       0x22d9 build/default/production/interruptions.o
 .debug_info      0x009499        0x75d build/default/production/main.o
 .debug_info      0x009bf6        0xa4f build/default/production/pwm.o
 .debug_info      0x00a645        0x5aa build/default/production/strategie.o
 .debug_info      0x00abef       0x5443 build/default/production/system.o
 .debug_info      0x010032        0x1c0 build/default/production/Serialus.o
 .debug_info      0x0101f2        0xd7b build/default/production/evitement.o
 .debug_info      0x010f6d        0x16e build/default/production/autom_virtual.o
 .debug_info      0x0110db        0x168 build/default/production/RF_uart.o
 .debug_info      0x011243       0x24e2 build/default/production/serialusM2M.o
 .debug_info      0x013725         0x8d /opt/microchip/xc16/v2.00/bin/bin/../../lib/libc99-pic30-elf.a(deqltle.XX_o)
 .debug_info      0x0137b2         0x8b /opt/microchip/xc16/v2.00/bin/bin/../../lib/libc99-pic30-elf.a(dgtge.XX_o)
 .debug_info      0x01383d         0x89 /opt/microchip/xc16/v2.00/bin/bin/../../lib/libc99-pic30-elf.a(dne.XX_o)
 .debug_info      0x0138c6         0x90 /opt/microchip/xc16/v2.00/bin/bin/../../lib/libc99-pic30-elf.a(extendsfdf.XX_o)
 .debug_info      0x013956         0x8d /opt/microchip/xc16/v2.00/bin/bin/../../lib/libc99-pic30-elf.a(fixdfsi.XX_o)
 .debug_info      0x0139e3         0x8d /opt/microchip/xc16/v2.00/bin/bin/../../lib/libc99-pic30-elf.a(fixsfsi.XX_o)
 .debug_info      0x013a70         0x90 /opt/microchip/xc16/v2.00/bin/bin/../../lib/libc99-pic30-elf.a(fixunsdfdi.XX_o)
 .debug_info      0x013b00         0x90 /opt/microchip/xc16/v2.00/bin/bin/../../lib/libc99-pic30-elf.a(fixunsdfsi.XX_o)
 .debug_info      0x013b90         0x8f /opt/microchip/xc16/v2.00/bin/bin/../../lib/libc99-pic30-elf.a(floatdidf.XX_o)
 .debug_info      0x013c1f         0x8f /opt/microchip/xc16/v2.00/bin/bin/../../lib/libc99-pic30-elf.a(floatsidf.XX_o)
 .debug_info      0x013cae         0x8f /opt/microchip/xc16/v2.00/bin/bin/../../lib/libc99-pic30-elf.a(floatsisf.XX_o)
 .debug_info      0x013d3d         0x91 /opt/microchip/xc16/v2.00/bin/bin/../../lib/libc99-pic30-elf.a(floatundidf.XX_o)
 .debug_info      0x013dce         0x91 /opt/microchip/xc16/v2.00/bin/bin/../../lib/libc99-pic30-elf.a(floatunsidf.XX_o)
 .debug_info      0x013e5f         0x8d /opt/microchip/xc16/v2.00/bin/bin/../../lib/libc99-pic30-elf.a(funpack.XX_o)
 .debug_info      0x013eec         0x8f /opt/microchip/xc16/v2.00/bin/bin/../../lib/libc99-pic30-elf.a(truncdfsf.XX_o)
 .debug_info      0x013f7b         0xa9 /opt/microchip/xc16/v2.00/bin/bin/../../lib/libc99-pic30-elf.a(dpadd.XX_o)
 .debug_info      0x014024         0xa9 /opt/microchip/xc16/v2.00/bin/bin/../../lib/libc99-pic30-elf.a(dpdiv.XX_o)
 .debug_info      0x0140cd         0xa9 /opt/microchip/xc16/v2.00/bin/bin/../../lib/libc99-pic30-elf.a(dpmul.XX_o)
 .debug_info      0x014176         0xaa /opt/microchip/xc16/v2.00/bin/bin/../../lib/libc99-pic30-elf.a(dpsubs.XX_o)
 .debug_info      0x014220         0x9d /opt/microchip/xc16/v2.00/bin/bin/../../lib/libc99-pic30-elf.a(addsf3x.XX_o)
 .debug_info      0x0142bd         0x9d /opt/microchip/xc16/v2.00/bin/bin/../../lib/libc99-pic30-elf.a(mulsf3x.XX_o)
 .debug_info      0x01435a         0xa0 /opt/microchip/xc16/v2.00/bin/bin/../../lib/libc99-pic30-elf.a(dnrmpackfx.XX_o)
 .debug_info      0x0143fa         0xa2 /opt/microchip/xc16/v2.00/bin/bin/../../lib/libc99-pic30-elf.a(unpackdnrmfx.XX_o)
 .debug_info      0x01449c         0x9c /opt/microchip/xc16/v2.00/bin/bin/../../lib/libc99-pic30-elf.a(typefx.XX_o)
 .debug_info      0x014538         0x9f /opt/microchip/xc16/v2.00/bin/bin/../../lib/libc99-pic30-elf.a(propnanfx.XX_o)
 .debug_info      0x0145d7         0x8e /opt/microchip/xc16/v2.00/bin/bin/../../lib/libc99-pic30-elf.a(dcompare.XX_o)
 .debug_info      0x014665         0x8b /opt/microchip/xc16/v2.00/bin/bin/../../lib/libc99-pic30-elf.a(dpack.XX_o)
 .debug_info      0x0146f0         0x8b /opt/microchip/xc16/v2.00/bin/bin/../../lib/libc99-pic30-elf.a(dtype.XX_o)
 .debug_info      0x01477b         0x8d /opt/microchip/xc16/v2.00/bin/bin/../../lib/libc99-pic30-elf.a(dunpack.XX_o)
 .debug_info      0x014808         0x8e /opt/microchip/xc16/v2.00/bin/bin/../../lib/libc99-pic30-elf.a(dunpack2.XX_o)
 .debug_info      0x014896         0x8f /opt/microchip/xc16/v2.00/bin/bin/../../lib/libc99-pic30-elf.a(floatdisf.XX_o)
 .debug_info      0x014925         0x91 /opt/microchip/xc16/v2.00/bin/bin/../../lib/libc99-pic30-elf.a(floatundisf.XX_o)
 .debug_info      0x0149b6         0x8b /opt/microchip/xc16/v2.00/bin/bin/../../lib/libc99-pic30-elf.a(fpack.XX_o)
 .debug_info      0x014a41         0x93 /opt/microchip/xc16/v2.00/bin/bin/../../lib/libc99-pic30-elf.a(dpropagateNaN.XX_o)
 .debug_info      0x014ad4         0x8d /opt/microchip/xc16/v2.00/bin/bin/../../lib/libc99-pic30-elf.a(umuldi3.XX_o)
 .debug_info      0x014b61         0x8c /opt/microchip/xc16/v2.00/bin/bin/../../lib/libc99-pic30-elf.a(divsi3.XX_o)
 .debug_info      0x014bed         0x8d /opt/microchip/xc16/v2.00/bin/bin/../../lib/libc99-pic30-elf.a(udivsi3.XX_o)
 .debug_info      0x014c7a         0x8d /opt/microchip/xc16/v2.00/bin/bin/../../lib/libc99-pic30-elf.a(umodsi3.XX_o)
 .debug_info      0x014d07         0x8c /opt/microchip/xc16/v2.00/bin/bin/../../lib/libc99-pic30-elf.a(mulsi3.XX_o)
 *(.gnu.linkonce.wi.*)

.debug_abbrev     0x000000       0x1aaf
 *(.debug_abbrev)
 .debug_abbrev    0x000000        0x22f build/default/production/Fonctions_deplacements.o
 .debug_abbrev    0x00022f        0x184 build/default/production/Uart.o
 .debug_abbrev    0x0003b3        0x28e build/default/production/asserv.o
 .debug_abbrev    0x000641         0x1f build/default/production/autom_R1.o
 .debug_abbrev    0x000660        0x151 build/default/production/autom_R2.o
 .debug_abbrev    0x0007b1        0x177 build/default/production/codeurs.o
 .debug_abbrev    0x000928         0xfd build/default/production/debug.o
 .debug_abbrev    0x000a25        0x2b9 build/default/production/gestion_AX12.o
 .debug_abbrev    0x000cde        0x18b build/default/production/interruptions.o
 .debug_abbrev    0x000e69        0x119 build/default/production/main.o
 .debug_abbrev    0x000f82        0x110 build/default/production/pwm.o
 .debug_abbrev    0x001092         0xf7 build/default/production/strategie.o
 .debug_abbrev    0x001189        0x18e build/default/production/system.o
 .debug_abbrev    0x001317         0x61 build/default/production/Serialus.o
 .debug_abbrev    0x001378        0x18c build/default/production/evitement.o
 .debug_abbrev    0x001504         0x1f build/default/production/autom_virtual.o
 .debug_abbrev    0x001523         0x1f build/default/production/RF_uart.o
 .debug_abbrev    0x001542        0x261 build/default/production/serialusM2M.o
 .debug_abbrev    0x0017a3         0x14 /opt/microchip/xc16/v2.00/bin/bin/../../lib/libc99-pic30-elf.a(deqltle.XX_o)
 .debug_abbrev    0x0017b7         0x14 /opt/microchip/xc16/v2.00/bin/bin/../../lib/libc99-pic30-elf.a(dgtge.XX_o)
 .debug_abbrev    0x0017cb         0x14 /opt/microchip/xc16/v2.00/bin/bin/../../lib/libc99-pic30-elf.a(dne.XX_o)
 .debug_abbrev    0x0017df         0x14 /opt/microchip/xc16/v2.00/bin/bin/../../lib/libc99-pic30-elf.a(extendsfdf.XX_o)
 .debug_abbrev    0x0017f3         0x14 /opt/microchip/xc16/v2.00/bin/bin/../../lib/libc99-pic30-elf.a(fixdfsi.XX_o)
 .debug_abbrev    0x001807         0x14 /opt/microchip/xc16/v2.00/bin/bin/../../lib/libc99-pic30-elf.a(fixsfsi.XX_o)
 .debug_abbrev    0x00181b         0x14 /opt/microchip/xc16/v2.00/bin/bin/../../lib/libc99-pic30-elf.a(fixunsdfdi.XX_o)
 .debug_abbrev    0x00182f         0x14 /opt/microchip/xc16/v2.00/bin/bin/../../lib/libc99-pic30-elf.a(fixunsdfsi.XX_o)
 .debug_abbrev    0x001843         0x14 /opt/microchip/xc16/v2.00/bin/bin/../../lib/libc99-pic30-elf.a(floatdidf.XX_o)
 .debug_abbrev    0x001857         0x14 /opt/microchip/xc16/v2.00/bin/bin/../../lib/libc99-pic30-elf.a(floatsidf.XX_o)
 .debug_abbrev    0x00186b         0x14 /opt/microchip/xc16/v2.00/bin/bin/../../lib/libc99-pic30-elf.a(floatsisf.XX_o)
 .debug_abbrev    0x00187f         0x14 /opt/microchip/xc16/v2.00/bin/bin/../../lib/libc99-pic30-elf.a(floatundidf.XX_o)
 .debug_abbrev    0x001893         0x14 /opt/microchip/xc16/v2.00/bin/bin/../../lib/libc99-pic30-elf.a(floatunsidf.XX_o)
 .debug_abbrev    0x0018a7         0x14 /opt/microchip/xc16/v2.00/bin/bin/../../lib/libc99-pic30-elf.a(funpack.XX_o)
 .debug_abbrev    0x0018bb         0x14 /opt/microchip/xc16/v2.00/bin/bin/../../lib/libc99-pic30-elf.a(truncdfsf.XX_o)
 .debug_abbrev    0x0018cf         0x14 /opt/microchip/xc16/v2.00/bin/bin/../../lib/libc99-pic30-elf.a(dpadd.XX_o)
 .debug_abbrev    0x0018e3         0x14 /opt/microchip/xc16/v2.00/bin/bin/../../lib/libc99-pic30-elf.a(dpdiv.XX_o)
 .debug_abbrev    0x0018f7         0x14 /opt/microchip/xc16/v2.00/bin/bin/../../lib/libc99-pic30-elf.a(dpmul.XX_o)
 .debug_abbrev    0x00190b         0x14 /opt/microchip/xc16/v2.00/bin/bin/../../lib/libc99-pic30-elf.a(dpsubs.XX_o)
 .debug_abbrev    0x00191f         0x14 /opt/microchip/xc16/v2.00/bin/bin/../../lib/libc99-pic30-elf.a(addsf3x.XX_o)
 .debug_abbrev    0x001933         0x14 /opt/microchip/xc16/v2.00/bin/bin/../../lib/libc99-pic30-elf.a(mulsf3x.XX_o)
 .debug_abbrev    0x001947         0x14 /opt/microchip/xc16/v2.00/bin/bin/../../lib/libc99-pic30-elf.a(dnrmpackfx.XX_o)
 .debug_abbrev    0x00195b         0x14 /opt/microchip/xc16/v2.00/bin/bin/../../lib/libc99-pic30-elf.a(unpackdnrmfx.XX_o)
 .debug_abbrev    0x00196f         0x14 /opt/microchip/xc16/v2.00/bin/bin/../../lib/libc99-pic30-elf.a(typefx.XX_o)
 .debug_abbrev    0x001983         0x14 /opt/microchip/xc16/v2.00/bin/bin/../../lib/libc99-pic30-elf.a(propnanfx.XX_o)
 .debug_abbrev    0x001997         0x14 /opt/microchip/xc16/v2.00/bin/bin/../../lib/libc99-pic30-elf.a(dcompare.XX_o)
 .debug_abbrev    0x0019ab         0x14 /opt/microchip/xc16/v2.00/bin/bin/../../lib/libc99-pic30-elf.a(dpack.XX_o)
 .debug_abbrev    0x0019bf         0x14 /opt/microchip/xc16/v2.00/bin/bin/../../lib/libc99-pic30-elf.a(dtype.XX_o)
 .debug_abbrev    0x0019d3         0x14 /opt/microchip/xc16/v2.00/bin/bin/../../lib/libc99-pic30-elf.a(dunpack.XX_o)
 .debug_abbrev    0x0019e7         0x14 /opt/microchip/xc16/v2.00/bin/bin/../../lib/libc99-pic30-elf.a(dunpack2.XX_o)
 .debug_abbrev    0x0019fb         0x14 /opt/microchip/xc16/v2.00/bin/bin/../../lib/libc99-pic30-elf.a(floatdisf.XX_o)
 .debug_abbrev    0x001a0f         0x14 /opt/microchip/xc16/v2.00/bin/bin/../../lib/libc99-pic30-elf.a(floatundisf.XX_o)
 .debug_abbrev    0x001a23         0x14 /opt/microchip/xc16/v2.00/bin/bin/../../lib/libc99-pic30-elf.a(fpack.XX_o)
 .debug_abbrev    0x001a37         0x14 /opt/microchip/xc16/v2.00/bin/bin/../../lib/libc99-pic30-elf.a(dpropagateNaN.XX_o)
 .debug_abbrev    0x001a4b         0x14 /opt/microchip/xc16/v2.00/bin/bin/../../lib/libc99-pic30-elf.a(umuldi3.XX_o)
 .debug_abbrev    0x001a5f         0x14 /opt/microchip/xc16/v2.00/bin/bin/../../lib/libc99-pic30-elf.a(divsi3.XX_o)
 .debug_abbrev    0x001a73         0x14 /opt/microchip/xc16/v2.00/bin/bin/../../lib/libc99-pic30-elf.a(udivsi3.XX_o)
 .debug_abbrev    0x001a87         0x14 /opt/microchip/xc16/v2.00/bin/bin/../../lib/libc99-pic30-elf.a(umodsi3.XX_o)
 .debug_abbrev    0x001a9b         0x14 /opt/microchip/xc16/v2.00/bin/bin/../../lib/libc99-pic30-elf.a(mulsi3.XX_o)

.debug_line       0x000000       0x2cca
 *(.debug_line)
 .debug_line      0x000000        0x276 build/default/production/Fonctions_deplacements.o
 .debug_line      0x000276        0x146 build/default/production/Uart.o
 .debug_line      0x0003bc        0x413 build/default/production/asserv.o
 .debug_line      0x0007cf         0x1a build/default/production/autom_R1.o
 .debug_line      0x0007e9        0x126 build/default/production/autom_R2.o
 .debug_line      0x00090f        0x120 build/default/production/codeurs.o
 .debug_line      0x000a2f         0xa4 build/default/production/debug.o
 .debug_line      0x000ad3        0x275 build/default/production/gestion_AX12.o
 .debug_line      0x000d48        0x16e build/default/production/interruptions.o
 .debug_line      0x000eb6         0xf4 build/default/production/main.o
 .debug_line      0x000faa        0x11a build/default/production/pwm.o
 .debug_line      0x0010c4        0x131 build/default/production/strategie.o
 .debug_line      0x0011f5        0x26e build/default/production/system.o
 .debug_line      0x001463         0x3b build/default/production/Serialus.o
 .debug_line      0x00149e        0x16e build/default/production/evitement.o
 .debug_line      0x00160c         0x1a build/default/production/autom_virtual.o
 .debug_line      0x001626         0x1a build/default/production/RF_uart.o
 .debug_line      0x001640        0x69f build/default/production/serialusM2M.o
 .debug_line      0x001cdf         0x3a /opt/microchip/xc16/v2.00/bin/bin/../../lib/libc99-pic30-elf.a(deqltle.XX_o)
 .debug_line      0x001d19         0x38 /opt/microchip/xc16/v2.00/bin/bin/../../lib/libc99-pic30-elf.a(dgtge.XX_o)
 .debug_line      0x001d51         0x36 /opt/microchip/xc16/v2.00/bin/bin/../../lib/libc99-pic30-elf.a(dne.XX_o)
 .debug_line      0x001d87         0x59 /opt/microchip/xc16/v2.00/bin/bin/../../lib/libc99-pic30-elf.a(extendsfdf.XX_o)
 .debug_line      0x001de0         0x61 /opt/microchip/xc16/v2.00/bin/bin/../../lib/libc99-pic30-elf.a(fixdfsi.XX_o)
 .debug_line      0x001e41         0x56 /opt/microchip/xc16/v2.00/bin/bin/../../lib/libc99-pic30-elf.a(fixsfsi.XX_o)
 .debug_line      0x001e97         0x69 /opt/microchip/xc16/v2.00/bin/bin/../../lib/libc99-pic30-elf.a(fixunsdfdi.XX_o)
 .debug_line      0x001f00         0x5e /opt/microchip/xc16/v2.00/bin/bin/../../lib/libc99-pic30-elf.a(fixunsdfsi.XX_o)
 .debug_line      0x001f5e         0x47 /opt/microchip/xc16/v2.00/bin/bin/../../lib/libc99-pic30-elf.a(floatdidf.XX_o)
 .debug_line      0x001fa5         0x3a /opt/microchip/xc16/v2.00/bin/bin/../../lib/libc99-pic30-elf.a(floatsidf.XX_o)
 .debug_line      0x001fdf         0x3a /opt/microchip/xc16/v2.00/bin/bin/../../lib/libc99-pic30-elf.a(floatsisf.XX_o)
 .debug_line      0x002019         0x68 /opt/microchip/xc16/v2.00/bin/bin/../../lib/libc99-pic30-elf.a(floatundidf.XX_o)
 .debug_line      0x002081         0x3b /opt/microchip/xc16/v2.00/bin/bin/../../lib/libc99-pic30-elf.a(floatunsidf.XX_o)
 .debug_line      0x0020bc         0x4a /opt/microchip/xc16/v2.00/bin/bin/../../lib/libc99-pic30-elf.a(funpack.XX_o)
 .debug_line      0x002106         0x66 /opt/microchip/xc16/v2.00/bin/bin/../../lib/libc99-pic30-elf.a(truncdfsf.XX_o)
 .debug_line      0x00216c         0xa2 /opt/microchip/xc16/v2.00/bin/bin/../../lib/libc99-pic30-elf.a(dpadd.XX_o)
 .debug_line      0x00220e        0x100 /opt/microchip/xc16/v2.00/bin/bin/../../lib/libc99-pic30-elf.a(dpdiv.XX_o)
 .debug_line      0x00230e         0xde /opt/microchip/xc16/v2.00/bin/bin/../../lib/libc99-pic30-elf.a(dpmul.XX_o)
 .debug_line      0x0023ec         0xe8 /opt/microchip/xc16/v2.00/bin/bin/../../lib/libc99-pic30-elf.a(dpsubs.XX_o)
 .debug_line      0x0024d4        0x136 /opt/microchip/xc16/v2.00/bin/bin/../../lib/libc99-pic30-elf.a(addsf3x.XX_o)
 .debug_line      0x00260a         0xcc /opt/microchip/xc16/v2.00/bin/bin/../../lib/libc99-pic30-elf.a(mulsf3x.XX_o)
 .debug_line      0x0026d6         0x72 /opt/microchip/xc16/v2.00/bin/bin/../../lib/libc99-pic30-elf.a(dnrmpackfx.XX_o)
 .debug_line      0x002748         0x7a /opt/microchip/xc16/v2.00/bin/bin/../../lib/libc99-pic30-elf.a(unpackdnrmfx.XX_o)
 .debug_line      0x0027c2         0x5e /opt/microchip/xc16/v2.00/bin/bin/../../lib/libc99-pic30-elf.a(typefx.XX_o)
 .debug_line      0x002820         0x51 /opt/microchip/xc16/v2.00/bin/bin/../../lib/libc99-pic30-elf.a(propnanfx.XX_o)
 .debug_line      0x002871         0x5f /opt/microchip/xc16/v2.00/bin/bin/../../lib/libc99-pic30-elf.a(dcompare.XX_o)
 .debug_line      0x0028d0         0x5f /opt/microchip/xc16/v2.00/bin/bin/../../lib/libc99-pic30-elf.a(dpack.XX_o)
 .debug_line      0x00292f         0x45 /opt/microchip/xc16/v2.00/bin/bin/../../lib/libc99-pic30-elf.a(dtype.XX_o)
 .debug_line      0x002974         0x5c /opt/microchip/xc16/v2.00/bin/bin/../../lib/libc99-pic30-elf.a(dunpack.XX_o)
 .debug_line      0x0029d0         0x53 /opt/microchip/xc16/v2.00/bin/bin/../../lib/libc99-pic30-elf.a(dunpack2.XX_o)
 .debug_line      0x002a23         0x47 /opt/microchip/xc16/v2.00/bin/bin/../../lib/libc99-pic30-elf.a(floatdisf.XX_o)
 .debug_line      0x002a6a         0x6c /opt/microchip/xc16/v2.00/bin/bin/../../lib/libc99-pic30-elf.a(floatundisf.XX_o)
 .debug_line      0x002ad6         0x5a /opt/microchip/xc16/v2.00/bin/bin/../../lib/libc99-pic30-elf.a(fpack.XX_o)
 .debug_line      0x002b30         0x49 /opt/microchip/xc16/v2.00/bin/bin/../../lib/libc99-pic30-elf.a(dpropagateNaN.XX_o)
 .debug_line      0x002b79         0x57 /opt/microchip/xc16/v2.00/bin/bin/../../lib/libc99-pic30-elf.a(umuldi3.XX_o)
 .debug_line      0x002bd0         0x43 /opt/microchip/xc16/v2.00/bin/bin/../../lib/libc99-pic30-elf.a(divsi3.XX_o)
 .debug_line      0x002c13         0x45 /opt/microchip/xc16/v2.00/bin/bin/../../lib/libc99-pic30-elf.a(udivsi3.XX_o)
 .debug_line      0x002c58         0x38 /opt/microchip/xc16/v2.00/bin/bin/../../lib/libc99-pic30-elf.a(umodsi3.XX_o)
 .debug_line      0x002c90         0x3a /opt/microchip/xc16/v2.00/bin/bin/../../lib/libc99-pic30-elf.a(mulsi3.XX_o)

.debug_frame      0x000000       0x22da
 *(.debug_frame)
 .debug_frame     0x000000        0x378 build/default/production/Fonctions_deplacements.o
 .debug_frame     0x000378         0xb0 build/default/production/Uart.o
 .debug_frame     0x000428        0x452 build/default/production/asserv.o
 .debug_frame     0x00087a         0xe4 build/default/production/autom_R2.o
 .debug_frame     0x00095e         0x52 build/default/production/codeurs.o
 .debug_frame     0x0009b0         0x54 build/default/production/debug.o
 .debug_frame     0x000a04        0x3ea build/default/production/gestion_AX12.o
 .debug_frame     0x000dee        0x218 build/default/production/interruptions.o
 .debug_frame     0x001006         0x2e build/default/production/main.o
 .debug_frame     0x001034         0x6a build/default/production/pwm.o
 .debug_frame     0x00109e        0x1f2 build/default/production/strategie.o
 .debug_frame     0x001290        0x14c build/default/production/system.o
 .debug_frame     0x0013dc         0x48 build/default/production/Serialus.o
 .debug_frame     0x001424         0xd2 build/default/production/evitement.o
 .debug_frame     0x0014f6        0xde4 build/default/production/serialusM2M.o

.debug_str        0x000000        0xc91
 *(.debug_str)
 .debug_str       0x000000         0xe9 build/default/production/Fonctions_deplacements.o
 .debug_str       0x0000e9         0x60 build/default/production/Uart.o
 .debug_str       0x000149        0x2c3 build/default/production/asserv.o
 .debug_str       0x00040c         0x31 build/default/production/autom_R2.o
 .debug_str       0x00043d         0x54 build/default/production/codeurs.o
 .debug_str       0x000491         0x65 build/default/production/debug.o
 .debug_str       0x0004f6         0x71 build/default/production/gestion_AX12.o
 .debug_str       0x000567        0x11a build/default/production/interruptions.o
 .debug_str       0x000681          0xa build/default/production/main.o
 .debug_str       0x00068b         0x44 build/default/production/pwm.o
 .debug_str       0x0006cf         0x28 build/default/production/strategie.o
 .debug_str       0x0006f7        0x29d build/default/production/system.o
 .debug_str       0x000994         0x35 build/default/production/evitement.o
 .debug_str       0x0009c9        0x2c8 build/default/production/serialusM2M.o

.debug_loc
 *(.debug_loc)

.debug_macinfo
 *(.debug_macinfo)

.debug_pubnames
                  0x000000       0x183e
 *(.debug_pubnames)
 .debug_pubnames
                  0x000000        0x19c build/default/production/Fonctions_deplacements.o
 .debug_pubnames
                  0x00019c         0x87 build/default/production/Uart.o
 .debug_pubnames
                  0x000223        0x6e9 build/default/production/asserv.o
 .debug_pubnames
                  0x00090c         0xb7 build/default/production/autom_R2.o
 .debug_pubnames
                  0x0009c3         0x57 build/default/production/codeurs.o
 .debug_pubnames
                  0x000a1a         0x1c build/default/production/debug.o
 .debug_pubnames
                  0x000a36        0x316 build/default/production/gestion_AX12.o
 .debug_pubnames
                  0x000d4c         0xc6 build/default/production/interruptions.o
 .debug_pubnames
                  0x000e12         0x59 build/default/production/main.o
 .debug_pubnames
                  0x000e6b         0x46 build/default/production/pwm.o
 .debug_pubnames
                  0x000eb1        0x106 build/default/production/strategie.o
 .debug_pubnames
                  0x000fb7        0x102 build/default/production/system.o
 .debug_pubnames
                  0x0010b9         0x35 build/default/production/Serialus.o
 .debug_pubnames
                  0x0010ee         0xcf build/default/production/evitement.o
 .debug_pubnames
                  0x0011bd        0x681 build/default/production/serialusM2M.o

.debug_ranges
 *(.debug_ranges)

.debug_aranges    0x000000        0x510
 *(.debug_aranges)
 .debug_aranges
                  0x000000         0x18 build/default/production/Fonctions_deplacements.o
 .debug_aranges
                  0x000018         0x18 build/default/production/Uart.o
 .debug_aranges
                  0x000030         0x18 build/default/production/asserv.o
 .debug_aranges
                  0x000048         0x18 build/default/production/autom_R2.o
 .debug_aranges
                  0x000060         0x18 build/default/production/codeurs.o
 .debug_aranges
                  0x000078         0x18 build/default/production/debug.o
 .debug_aranges
                  0x000090         0x18 build/default/production/gestion_AX12.o
 .debug_aranges
                  0x0000a8         0x18 build/default/production/interruptions.o
 .debug_aranges
                  0x0000c0         0x18 build/default/production/main.o
 .debug_aranges
                  0x0000d8         0x18 build/default/production/pwm.o
 .debug_aranges
                  0x0000f0         0x18 build/default/production/strategie.o
 .debug_aranges
                  0x000108         0x18 build/default/production/system.o
 .debug_aranges
                  0x000120         0x18 build/default/production/Serialus.o
 .debug_aranges
                  0x000138         0x18 build/default/production/evitement.o
 .debug_aranges
                  0x000150         0x18 build/default/production/serialusM2M.o
 .debug_aranges
                  0x000168         0x18 /opt/microchip/xc16/v2.00/bin/bin/../../lib/libc99-pic30-elf.a(deqltle.XX_o)
 .debug_aranges
                  0x000180         0x18 /opt/microchip/xc16/v2.00/bin/bin/../../lib/libc99-pic30-elf.a(dgtge.XX_o)
 .debug_aranges
                  0x000198         0x18 /opt/microchip/xc16/v2.00/bin/bin/../../lib/libc99-pic30-elf.a(dne.XX_o)
 .debug_aranges
                  0x0001b0         0x18 /opt/microchip/xc16/v2.00/bin/bin/../../lib/libc99-pic30-elf.a(extendsfdf.XX_o)
 .debug_aranges
                  0x0001c8         0x18 /opt/microchip/xc16/v2.00/bin/bin/../../lib/libc99-pic30-elf.a(fixdfsi.XX_o)
 .debug_aranges
                  0x0001e0         0x18 /opt/microchip/xc16/v2.00/bin/bin/../../lib/libc99-pic30-elf.a(fixsfsi.XX_o)
 .debug_aranges
                  0x0001f8         0x18 /opt/microchip/xc16/v2.00/bin/bin/../../lib/libc99-pic30-elf.a(fixunsdfdi.XX_o)
 .debug_aranges
                  0x000210         0x18 /opt/microchip/xc16/v2.00/bin/bin/../../lib/libc99-pic30-elf.a(fixunsdfsi.XX_o)
 .debug_aranges
                  0x000228         0x18 /opt/microchip/xc16/v2.00/bin/bin/../../lib/libc99-pic30-elf.a(floatdidf.XX_o)
 .debug_aranges
                  0x000240         0x18 /opt/microchip/xc16/v2.00/bin/bin/../../lib/libc99-pic30-elf.a(floatsidf.XX_o)
 .debug_aranges
                  0x000258         0x18 /opt/microchip/xc16/v2.00/bin/bin/../../lib/libc99-pic30-elf.a(floatsisf.XX_o)
 .debug_aranges
                  0x000270         0x18 /opt/microchip/xc16/v2.00/bin/bin/../../lib/libc99-pic30-elf.a(floatundidf.XX_o)
 .debug_aranges
                  0x000288         0x18 /opt/microchip/xc16/v2.00/bin/bin/../../lib/libc99-pic30-elf.a(floatunsidf.XX_o)
 .debug_aranges
                  0x0002a0         0x18 /opt/microchip/xc16/v2.00/bin/bin/../../lib/libc99-pic30-elf.a(funpack.XX_o)
 .debug_aranges
                  0x0002b8         0x18 /opt/microchip/xc16/v2.00/bin/bin/../../lib/libc99-pic30-elf.a(truncdfsf.XX_o)
 .debug_aranges
                  0x0002d0         0x18 /opt/microchip/xc16/v2.00/bin/bin/../../lib/libc99-pic30-elf.a(dpadd.XX_o)
 .debug_aranges
                  0x0002e8         0x18 /opt/microchip/xc16/v2.00/bin/bin/../../lib/libc99-pic30-elf.a(dpdiv.XX_o)
 .debug_aranges
                  0x000300         0x18 /opt/microchip/xc16/v2.00/bin/bin/../../lib/libc99-pic30-elf.a(dpmul.XX_o)
 .debug_aranges
                  0x000318         0x18 /opt/microchip/xc16/v2.00/bin/bin/../../lib/libc99-pic30-elf.a(dpsubs.XX_o)
 .debug_aranges
                  0x000330         0x18 /opt/microchip/xc16/v2.00/bin/bin/../../lib/libc99-pic30-elf.a(addsf3x.XX_o)
 .debug_aranges
                  0x000348         0x18 /opt/microchip/xc16/v2.00/bin/bin/../../lib/libc99-pic30-elf.a(mulsf3x.XX_o)
 .debug_aranges
                  0x000360         0x18 /opt/microchip/xc16/v2.00/bin/bin/../../lib/libc99-pic30-elf.a(dnrmpackfx.XX_o)
 .debug_aranges
                  0x000378         0x18 /opt/microchip/xc16/v2.00/bin/bin/../../lib/libc99-pic30-elf.a(unpackdnrmfx.XX_o)
 .debug_aranges
                  0x000390         0x18 /opt/microchip/xc16/v2.00/bin/bin/../../lib/libc99-pic30-elf.a(typefx.XX_o)
 .debug_aranges
                  0x0003a8         0x18 /opt/microchip/xc16/v2.00/bin/bin/../../lib/libc99-pic30-elf.a(propnanfx.XX_o)
 .debug_aranges
                  0x0003c0         0x18 /opt/microchip/xc16/v2.00/bin/bin/../../lib/libc99-pic30-elf.a(dcompare.XX_o)
 .debug_aranges
                  0x0003d8         0x18 /opt/microchip/xc16/v2.00/bin/bin/../../lib/libc99-pic30-elf.a(dpack.XX_o)
 .debug_aranges
                  0x0003f0         0x18 /opt/microchip/xc16/v2.00/bin/bin/../../lib/libc99-pic30-elf.a(dtype.XX_o)
 .debug_aranges
                  0x000408         0x18 /opt/microchip/xc16/v2.00/bin/bin/../../lib/libc99-pic30-elf.a(dunpack.XX_o)
 .debug_aranges
                  0x000420         0x18 /opt/microchip/xc16/v2.00/bin/bin/../../lib/libc99-pic30-elf.a(dunpack2.XX_o)
 .debug_aranges
                  0x000438         0x18 /opt/microchip/xc16/v2.00/bin/bin/../../lib/libc99-pic30-elf.a(floatdisf.XX_o)
 .debug_aranges
                  0x000450         0x18 /opt/microchip/xc16/v2.00/bin/bin/../../lib/libc99-pic30-elf.a(floatundisf.XX_o)
 .debug_aranges
                  0x000468         0x18 /opt/microchip/xc16/v2.00/bin/bin/../../lib/libc99-pic30-elf.a(fpack.XX_o)
 .debug_aranges
                  0x000480         0x18 /opt/microchip/xc16/v2.00/bin/bin/../../lib/libc99-pic30-elf.a(dpropagateNaN.XX_o)
 .debug_aranges
                  0x000498         0x18 /opt/microchip/xc16/v2.00/bin/bin/../../lib/libc99-pic30-elf.a(umuldi3.XX_o)
 .debug_aranges
                  0x0004b0         0x18 /opt/microchip/xc16/v2.00/bin/bin/../../lib/libc99-pic30-elf.a(divsi3.XX_o)
 .debug_aranges
                  0x0004c8         0x18 /opt/microchip/xc16/v2.00/bin/bin/../../lib/libc99-pic30-elf.a(udivsi3.XX_o)
 .debug_aranges
                  0x0004e0         0x18 /opt/microchip/xc16/v2.00/bin/bin/../../lib/libc99-pic30-elf.a(umodsi3.XX_o)
 .debug_aranges
                  0x0004f8         0x18 /opt/microchip/xc16/v2.00/bin/bin/../../lib/libc99-pic30-elf.a(mulsi3.XX_o)
                    0x0000                  WREG0 = 0x0
                    0x0000                  _WREG0 = 0x0
                    0x0002                  WREG1 = 0x2
                    0x0002                  _WREG1 = 0x2
                    0x0004                  WREG2 = 0x4
                    0x0004                  _WREG2 = 0x4
                    0x0006                  WREG3 = 0x6
                    0x0006                  _WREG3 = 0x6
                    0x0008                  WREG4 = 0x8
                    0x0008                  _WREG4 = 0x8
                    0x000a                  WREG5 = 0xa
                    0x000a                  _WREG5 = 0xa
                    0x000c                  WREG6 = 0xc
                    0x000c                  _WREG6 = 0xc
                    0x000e                  WREG7 = 0xe
                    0x000e                  _WREG7 = 0xe
                    0x0010                  WREG8 = 0x10
                    0x0010                  _WREG8 = 0x10
                    0x0012                  WREG9 = 0x12
                    0x0012                  _WREG9 = 0x12
                    0x0014                  WREG10 = 0x14
                    0x0014                  _WREG10 = 0x14
                    0x0016                  WREG11 = 0x16
                    0x0016                  _WREG11 = 0x16
                    0x0018                  WREG12 = 0x18
                    0x0018                  _WREG12 = 0x18
                    0x001a                  WREG13 = 0x1a
                    0x001a                  _WREG13 = 0x1a
                    0x001c                  WREG14 = 0x1c
                    0x001c                  _WREG14 = 0x1c
                    0x001e                  WREG15 = 0x1e
                    0x001e                  _WREG15 = 0x1e
                    0x0020                  SPLIM = 0x20
                    0x0020                  _SPLIM = 0x20
                    0x0022                  ACCAL = 0x22
                    0x0022                  _ACCAL = 0x22
                    0x0024                  ACCAH = 0x24
                    0x0024                  _ACCAH = 0x24
                    0x0026                  ACCAU = 0x26
                    0x0026                  _ACCAU = 0x26
                    0x0028                  ACCBL = 0x28
                    0x0028                  _ACCBL = 0x28
                    0x002a                  ACCBH = 0x2a
                    0x002a                  _ACCBH = 0x2a
                    0x002c                  ACCBU = 0x2c
                    0x002c                  _ACCBU = 0x2c
                    0x002e                  PCL = 0x2e
                    0x002e                  _PCL = 0x2e
                    0x0030                  PCH = 0x30
                    0x0030                  _PCH = 0x30
                    0x0032                  TBLPAG = 0x32
                    0x0032                  _TBLPAG = 0x32
                    0x0034                  PSVPAG = 0x34
                    0x0034                  _PSVPAG = 0x34
                    0x0036                  RCOUNT = 0x36
                    0x0036                  _RCOUNT = 0x36
                    0x0038                  DCOUNT = 0x38
                    0x0038                  _DCOUNT = 0x38
                    0x003a                  DOSTARTL = 0x3a
                    0x003a                  _DOSTARTL = 0x3a
                    0x003c                  DOSTARTH = 0x3c
                    0x003c                  _DOSTARTH = 0x3c
                    0x003e                  DOENDL = 0x3e
                    0x003e                  _DOENDL = 0x3e
                    0x0040                  DOENDH = 0x40
                    0x0040                  _DOENDH = 0x40
                    0x0042                  SR = 0x42
                    0x0042                  _SR = 0x42
                    0x0042                  _SRbits = 0x42
                    0x0044                  CORCON = 0x44
                    0x0044                  _CORCON = 0x44
                    0x0044                  _CORCONbits = 0x44
                    0x0046                  MODCON = 0x46
                    0x0046                  _MODCON = 0x46
                    0x0046                  _MODCONbits = 0x46
                    0x0048                  XMODSRT = 0x48
                    0x0048                  _XMODSRT = 0x48
                    0x004a                  XMODEND = 0x4a
                    0x004a                  _XMODEND = 0x4a
                    0x004c                  YMODSRT = 0x4c
                    0x004c                  _YMODSRT = 0x4c
                    0x004e                  YMODEND = 0x4e
                    0x004e                  _YMODEND = 0x4e
                    0x0050                  XBREV = 0x50
                    0x0050                  _XBREV = 0x50
                    0x0050                  _XBREVbits = 0x50
                    0x0052                  DISICNT = 0x52
                    0x0052                  _DISICNT = 0x52
                    0x0060                  CNEN1 = 0x60
                    0x0060                  _CNEN1 = 0x60
                    0x0060                  _CNEN1bits = 0x60
                    0x0062                  CNEN2 = 0x62
                    0x0062                  _CNEN2 = 0x62
                    0x0062                  _CNEN2bits = 0x62
                    0x0068                  CNPU1 = 0x68
                    0x0068                  _CNPU1 = 0x68
                    0x0068                  _CNPU1bits = 0x68
                    0x006a                  CNPU2 = 0x6a
                    0x006a                  _CNPU2 = 0x6a
                    0x006a                  _CNPU2bits = 0x6a
                    0x0080                  INTCON1 = 0x80
                    0x0080                  _INTCON1 = 0x80
                    0x0080                  _INTCON1bits = 0x80
                    0x0082                  INTCON2 = 0x82
                    0x0082                  _INTCON2 = 0x82
                    0x0082                  _INTCON2bits = 0x82
                    0x0084                  IFS0 = 0x84
                    0x0084                  _IFS0 = 0x84
                    0x0084                  _IFS0bits = 0x84
                    0x0086                  IFS1 = 0x86
                    0x0086                  _IFS1 = 0x86
                    0x0086                  _IFS1bits = 0x86
                    0x0088                  IFS2 = 0x88
                    0x0088                  _IFS2 = 0x88
                    0x0088                  _IFS2bits = 0x88
                    0x008a                  IFS3 = 0x8a
                    0x008a                  _IFS3 = 0x8a
                    0x008a                  _IFS3bits = 0x8a
                    0x008c                  IFS4 = 0x8c
                    0x008c                  _IFS4 = 0x8c
                    0x008c                  _IFS4bits = 0x8c
                    0x0094                  IEC0 = 0x94
                    0x0094                  _IEC0 = 0x94
                    0x0094                  _IEC0bits = 0x94
                    0x0096                  IEC1 = 0x96
                    0x0096                  _IEC1 = 0x96
                    0x0096                  _IEC1bits = 0x96
                    0x0098                  IEC2 = 0x98
                    0x0098                  _IEC2 = 0x98
                    0x0098                  _IEC2bits = 0x98
                    0x009a                  IEC3 = 0x9a
                    0x009a                  _IEC3 = 0x9a
                    0x009a                  _IEC3bits = 0x9a
                    0x009c                  IEC4 = 0x9c
                    0x009c                  _IEC4 = 0x9c
                    0x009c                  _IEC4bits = 0x9c
                    0x00a4                  IPC0 = 0xa4
                    0x00a4                  _IPC0 = 0xa4
                    0x00a4                  _IPC0bits = 0xa4
                    0x00a6                  IPC1 = 0xa6
                    0x00a6                  _IPC1 = 0xa6
                    0x00a6                  _IPC1bits = 0xa6
                    0x00a8                  IPC2 = 0xa8
                    0x00a8                  _IPC2 = 0xa8
                    0x00a8                  _IPC2bits = 0xa8
                    0x00aa                  IPC3 = 0xaa
                    0x00aa                  _IPC3 = 0xaa
                    0x00aa                  _IPC3bits = 0xaa
                    0x00ac                  IPC4 = 0xac
                    0x00ac                  _IPC4 = 0xac
                    0x00ac                  _IPC4bits = 0xac
                    0x00ae                  IPC5 = 0xae
                    0x00ae                  _IPC5 = 0xae
                    0x00ae                  _IPC5bits = 0xae
                    0x00b0                  IPC6 = 0xb0
                    0x00b0                  _IPC6 = 0xb0
                    0x00b0                  _IPC6bits = 0xb0
                    0x00b2                  IPC7 = 0xb2
                    0x00b2                  _IPC7 = 0xb2
                    0x00b2                  _IPC7bits = 0xb2
                    0x00b4                  IPC8 = 0xb4
                    0x00b4                  _IPC8 = 0xb4
                    0x00b4                  _IPC8bits = 0xb4
                    0x00b6                  IPC9 = 0xb6
                    0x00b6                  _IPC9 = 0xb6
                    0x00b6                  _IPC9bits = 0xb6
                    0x00ba                  IPC11 = 0xba
                    0x00ba                  _IPC11 = 0xba
                    0x00ba                  _IPC11bits = 0xba
                    0x00c0                  IPC14 = 0xc0
                    0x00c0                  _IPC14 = 0xc0
                    0x00c0                  _IPC14bits = 0xc0
                    0x00c2                  IPC15 = 0xc2
                    0x00c2                  _IPC15 = 0xc2
                    0x00c2                  _IPC15bits = 0xc2
                    0x00c4                  IPC16 = 0xc4
                    0x00c4                  _IPC16 = 0xc4
                    0x00c4                  _IPC16bits = 0xc4
                    0x00c6                  IPC17 = 0xc6
                    0x00c6                  _IPC17 = 0xc6
                    0x00c6                  _IPC17bits = 0xc6
                    0x00c8                  IPC18 = 0xc8
                    0x00c8                  _IPC18 = 0xc8
                    0x00c8                  _IPC18bits = 0xc8
                    0x00ca                  IPC19 = 0xca
                    0x00ca                  _IPC19 = 0xca
                    0x00ca                  _IPC19bits = 0xca
                    0x00e0                  INTTREG = 0xe0
                    0x00e0                  _INTTREG = 0xe0
                    0x00e0                  _INTTREGbits = 0xe0
                    0x0100                  TMR1 = 0x100
                    0x0100                  _TMR1 = 0x100
                    0x0102                  PR1 = 0x102
                    0x0102                  _PR1 = 0x102
                    0x0104                  T1CON = 0x104
                    0x0104                  _T1CON = 0x104
                    0x0104                  _T1CONbits = 0x104
                    0x0106                  TMR2 = 0x106
                    0x0106                  _TMR2 = 0x106
                    0x0108                  TMR3HLD = 0x108
                    0x0108                  _TMR3HLD = 0x108
                    0x010a                  TMR3 = 0x10a
                    0x010a                  _TMR3 = 0x10a
                    0x010c                  PR2 = 0x10c
                    0x010c                  _PR2 = 0x10c
                    0x010e                  PR3 = 0x10e
                    0x010e                  _PR3 = 0x10e
                    0x0110                  T2CON = 0x110
                    0x0110                  _T2CON = 0x110
                    0x0110                  _T2CONbits = 0x110
                    0x0112                  T3CON = 0x112
                    0x0112                  _T3CON = 0x112
                    0x0112                  _T3CONbits = 0x112
                    0x0114                  TMR4 = 0x114
                    0x0114                  _TMR4 = 0x114
                    0x0116                  TMR5HLD = 0x116
                    0x0116                  _TMR5HLD = 0x116
                    0x0118                  TMR5 = 0x118
                    0x0118                  _TMR5 = 0x118
                    0x011a                  PR4 = 0x11a
                    0x011a                  _PR4 = 0x11a
                    0x011c                  PR5 = 0x11c
                    0x011c                  _PR5 = 0x11c
                    0x011e                  T4CON = 0x11e
                    0x011e                  _T4CON = 0x11e
                    0x011e                  _T4CONbits = 0x11e
                    0x0120                  T5CON = 0x120
                    0x0120                  _T5CON = 0x120
                    0x0120                  _T5CONbits = 0x120
                    0x0140                  IC1BUF = 0x140
                    0x0140                  _IC1BUF = 0x140
                    0x0142                  IC1CON = 0x142
                    0x0142                  _IC1CON = 0x142
                    0x0142                  _IC1CONbits = 0x142
                    0x0144                  IC2BUF = 0x144
                    0x0144                  _IC2BUF = 0x144
                    0x0146                  IC2CON = 0x146
                    0x0146                  _IC2CON = 0x146
                    0x0146                  _IC2CONbits = 0x146
                    0x0158                  IC7BUF = 0x158
                    0x0158                  _IC7BUF = 0x158
                    0x015a                  IC7CON = 0x15a
                    0x015a                  _IC7CON = 0x15a
                    0x015a                  _IC7CONbits = 0x15a
                    0x015c                  IC8BUF = 0x15c
                    0x015c                  _IC8BUF = 0x15c
                    0x015e                  IC8CON = 0x15e
                    0x015e                  _IC8CON = 0x15e
                    0x015e                  _IC8CONbits = 0x15e
                    0x0180                  OC1RS = 0x180
                    0x0180                  _OC1RS = 0x180
                    0x0182                  OC1R = 0x182
                    0x0182                  _OC1R = 0x182
                    0x0184                  OC1CON = 0x184
                    0x0184                  _OC1CON = 0x184
                    0x0184                  _OC1CONbits = 0x184
                    0x0186                  OC2RS = 0x186
                    0x0186                  _OC2RS = 0x186
                    0x0188                  OC2R = 0x188
                    0x0188                  _OC2R = 0x188
                    0x018a                  OC2CON = 0x18a
                    0x018a                  _OC2CON = 0x18a
                    0x018a                  _OC2CONbits = 0x18a
                    0x018c                  OC3RS = 0x18c
                    0x018c                  _OC3RS = 0x18c
                    0x018e                  OC3R = 0x18e
                    0x018e                  _OC3R = 0x18e
                    0x0190                  OC3CON = 0x190
                    0x0190                  _OC3CON = 0x190
                    0x0190                  _OC3CONbits = 0x190
                    0x0192                  OC4RS = 0x192
                    0x0192                  _OC4RS = 0x192
                    0x0194                  OC4R = 0x194
                    0x0194                  _OC4R = 0x194
                    0x0196                  OC4CON = 0x196
                    0x0196                  _OC4CON = 0x196
                    0x0196                  _OC4CONbits = 0x196
                    0x01c0                  P1TCON = 0x1c0
                    0x01c0                  _P1TCON = 0x1c0
                    0x01c0                  _P1TCONbits = 0x1c0
                    0x01c0                  PTCON = 0x1c0
                    0x01c0                  _PTCON = 0x1c0
                    0x01c0                  _PTCONbits = 0x1c0
                    0x01c2                  P1TMR = 0x1c2
                    0x01c2                  _P1TMR = 0x1c2
                    0x01c2                  _P1TMRbits = 0x1c2
                    0x01c2                  PTMR = 0x1c2
                    0x01c2                  _PTMR = 0x1c2
                    0x01c2                  _PTMRbits = 0x1c2
                    0x01c4                  P1TPER = 0x1c4
                    0x01c4                  _P1TPER = 0x1c4
                    0x01c4                  _P1TPERbits = 0x1c4
                    0x01c4                  PTPER = 0x1c4
                    0x01c4                  _PTPER = 0x1c4
                    0x01c4                  _PTPERbits = 0x1c4
                    0x01c6                  P1SECMP = 0x1c6
                    0x01c6                  _P1SECMP = 0x1c6
                    0x01c6                  _P1SECMPbits = 0x1c6
                    0x01c6                  SEVTCMP = 0x1c6
                    0x01c6                  _SEVTCMP = 0x1c6
                    0x01c6                  _SEVTCMPbits = 0x1c6
                    0x01c8                  PWM1CON1 = 0x1c8
                    0x01c8                  _PWM1CON1 = 0x1c8
                    0x01c8                  _PWM1CON1bits = 0x1c8
                    0x01c8                  PWMCON1 = 0x1c8
                    0x01c8                  _PWMCON1 = 0x1c8
                    0x01c8                  _PWMCON1bits = 0x1c8
                    0x01ca                  PWM1CON2 = 0x1ca
                    0x01ca                  _PWM1CON2 = 0x1ca
                    0x01ca                  _PWM1CON2bits = 0x1ca
                    0x01ca                  PWMCON2 = 0x1ca
                    0x01ca                  _PWMCON2 = 0x1ca
                    0x01ca                  _PWMCON2bits = 0x1ca
                    0x01cc                  DTCON1 = 0x1cc
                    0x01cc                  _DTCON1 = 0x1cc
                    0x01cc                  _DTCON1bits = 0x1cc
                    0x01cc                  P1DTCON1 = 0x1cc
                    0x01cc                  _P1DTCON1 = 0x1cc
                    0x01cc                  _P1DTCON1bits = 0x1cc
                    0x01ce                  DTCON2 = 0x1ce
                    0x01ce                  _DTCON2 = 0x1ce
                    0x01ce                  _DTCON2bits = 0x1ce
                    0x01ce                  P1DTCON2 = 0x1ce
                    0x01ce                  _P1DTCON2 = 0x1ce
                    0x01ce                  _P1DTCON2bits = 0x1ce
                    0x01d0                  FLTACON = 0x1d0
                    0x01d0                  _FLTACON = 0x1d0
                    0x01d0                  _FLTACONbits = 0x1d0
                    0x01d0                  P1FLTACON = 0x1d0
                    0x01d0                  _P1FLTACON = 0x1d0
                    0x01d0                  _P1FLTACONbits = 0x1d0
                    0x01d4                  OVDCON = 0x1d4
                    0x01d4                  _OVDCON = 0x1d4
                    0x01d4                  _OVDCONbits = 0x1d4
                    0x01d4                  P1OVDCON = 0x1d4
                    0x01d4                  _P1OVDCON = 0x1d4
                    0x01d4                  _P1OVDCONbits = 0x1d4
                    0x01d6                  P1DC1 = 0x1d6
                    0x01d6                  _P1DC1 = 0x1d6
                    0x01d6                  PDC1 = 0x1d6
                    0x01d6                  _PDC1 = 0x1d6
                    0x01d8                  P1DC2 = 0x1d8
                    0x01d8                  _P1DC2 = 0x1d8
                    0x01d8                  PDC2 = 0x1d8
                    0x01d8                  _PDC2 = 0x1d8
                    0x01da                  P1DC3 = 0x1da
                    0x01da                  _P1DC3 = 0x1da
                    0x01da                  PDC3 = 0x1da
                    0x01da                  _PDC3 = 0x1da
                    0x01e0                  QEI1CON = 0x1e0
                    0x01e0                  _QEI1CON = 0x1e0
                    0x01e0                  _QEI1CONbits = 0x1e0
                    0x01e0                  QEICON = 0x1e0
                    0x01e0                  _QEICON = 0x1e0
                    0x01e0                  _QEICONbits = 0x1e0
                    0x01e2                  DFLT1CON = 0x1e2
                    0x01e2                  _DFLT1CON = 0x1e2
                    0x01e2                  _DFLT1CONbits = 0x1e2
                    0x01e2                  DFLTCON = 0x1e2
                    0x01e2                  _DFLTCON = 0x1e2
                    0x01e2                  _DFLTCONbits = 0x1e2
                    0x01e4                  POS1CNT = 0x1e4
                    0x01e4                  _POS1CNT = 0x1e4
                    0x01e4                  POSCNT = 0x1e4
                    0x01e4                  _POSCNT = 0x1e4
                    0x01e6                  MAX1CNT = 0x1e6
                    0x01e6                  _MAX1CNT = 0x1e6
                    0x01e6                  MAXCNT = 0x1e6
                    0x01e6                  _MAXCNT = 0x1e6
                    0x01f0                  QEI2CON = 0x1f0
                    0x01f0                  _QEI2CON = 0x1f0
                    0x01f0                  _QEI2CONbits = 0x1f0
                    0x01f2                  DFLT2CON = 0x1f2
                    0x01f2                  _DFLT2CON = 0x1f2
                    0x01f2                  _DFLT2CONbits = 0x1f2
                    0x01f4                  POS2CNT = 0x1f4
                    0x01f4                  _POS2CNT = 0x1f4
                    0x01f6                  MAX2CNT = 0x1f6
                    0x01f6                  _MAX2CNT = 0x1f6
                    0x0200                  I2C1RCV = 0x200
                    0x0200                  _I2C1RCV = 0x200
                    0x0200                  I2CRCV = 0x200
                    0x0200                  _I2CRCV = 0x200
                    0x0202                  I2C1TRN = 0x202
                    0x0202                  _I2C1TRN = 0x202
                    0x0202                  I2CTRN = 0x202
                    0x0202                  _I2CTRN = 0x202
                    0x0204                  I2C1BRG = 0x204
                    0x0204                  _I2C1BRG = 0x204
                    0x0206                  I2C1CON = 0x206
                    0x0206                  _I2C1CON = 0x206
                    0x0206                  _I2C1CONbits = 0x206
                    0x0206                  I2CCON = 0x206
                    0x0206                  _I2CCON = 0x206
                    0x0206                  _I2CCONbits = 0x206
                    0x0208                  I2C1STAT = 0x208
                    0x0208                  _I2C1STAT = 0x208
                    0x0208                  _I2C1STATbits = 0x208
                    0x0208                  I2CSTAT = 0x208
                    0x0208                  _I2CSTAT = 0x208
                    0x0208                  _I2CSTATbits = 0x208
                    0x020a                  I2C1ADD = 0x20a
                    0x020a                  _I2C1ADD = 0x20a
                    0x020a                  I2CADD = 0x20a
                    0x020a                  _I2CADD = 0x20a
                    0x020c                  I2C1MSK = 0x20c
                    0x020c                  _I2C1MSK = 0x20c
                    0x0220                  U1MODE = 0x220
                    0x0220                  _U1MODE = 0x220
                    0x0220                  _U1MODEbits = 0x220
                    0x0222                  U1STA = 0x222
                    0x0222                  _U1STA = 0x222
                    0x0222                  _U1STAbits = 0x222
                    0x0224                  U1TXREG = 0x224
                    0x0224                  _U1TXREG = 0x224
                    0x0224                  _U1TXREGbits = 0x224
                    0x0226                  U1RXREG = 0x226
                    0x0226                  _U1RXREG = 0x226
                    0x0226                  _U1RXREGbits = 0x226
                    0x0228                  U1BRG = 0x228
                    0x0228                  _U1BRG = 0x228
                    0x0230                  U2MODE = 0x230
                    0x0230                  _U2MODE = 0x230
                    0x0230                  _U2MODEbits = 0x230
                    0x0232                  U2STA = 0x232
                    0x0232                  _U2STA = 0x232
                    0x0232                  _U2STAbits = 0x232
                    0x0234                  U2TXREG = 0x234
                    0x0234                  _U2TXREG = 0x234
                    0x0234                  _U2TXREGbits = 0x234
                    0x0236                  U2RXREG = 0x236
                    0x0236                  _U2RXREG = 0x236
                    0x0236                  _U2RXREGbits = 0x236
                    0x0238                  U2BRG = 0x238
                    0x0238                  _U2BRG = 0x238
                    0x0240                  SPI1STAT = 0x240
                    0x0240                  _SPI1STAT = 0x240
                    0x0240                  _SPI1STATbits = 0x240
                    0x0242                  SPI1CON1 = 0x242
                    0x0242                  _SPI1CON1 = 0x242
                    0x0242                  _SPI1CON1bits = 0x242
                    0x0244                  SPI1CON2 = 0x244
                    0x0244                  _SPI1CON2 = 0x244
                    0x0244                  _SPI1CON2bits = 0x244
                    0x0248                  SPI1BUF = 0x248
                    0x0248                  _SPI1BUF = 0x248
                    0x0260                  SPI2STAT = 0x260
                    0x0260                  _SPI2STAT = 0x260
                    0x0260                  _SPI2STATbits = 0x260
                    0x0262                  SPI2CON1 = 0x262
                    0x0262                  _SPI2CON1 = 0x262
                    0x0262                  _SPI2CON1bits = 0x262
                    0x0264                  SPI2CON2 = 0x264
                    0x0264                  _SPI2CON2 = 0x264
                    0x0264                  _SPI2CON2bits = 0x264
                    0x0268                  SPI2BUF = 0x268
                    0x0268                  _SPI2BUF = 0x268
                    0x02c0                  TRISA = 0x2c0
                    0x02c0                  _TRISA = 0x2c0
                    0x02c0                  _TRISAbits = 0x2c0
                    0x02c2                  PORTA = 0x2c2
                    0x02c2                  _PORTA = 0x2c2
                    0x02c2                  _PORTAbits = 0x2c2
                    0x02c4                  LATA = 0x2c4
                    0x02c4                  _LATA = 0x2c4
                    0x02c4                  _LATAbits = 0x2c4
                    0x02c6                  ODCA = 0x2c6
                    0x02c6                  _ODCA = 0x2c6
                    0x02c6                  _ODCAbits = 0x2c6
                    0x02c8                  TRISB = 0x2c8
                    0x02c8                  _TRISB = 0x2c8
                    0x02c8                  _TRISBbits = 0x2c8
                    0x02ca                  PORTB = 0x2ca
                    0x02ca                  _PORTB = 0x2ca
                    0x02ca                  _PORTBbits = 0x2ca
                    0x02cc                  LATB = 0x2cc
                    0x02cc                  _LATB = 0x2cc
                    0x02cc                  _LATBbits = 0x2cc
                    0x02ce                  ODCB = 0x2ce
                    0x02ce                  _ODCB = 0x2ce
                    0x02ce                  _ODCBbits = 0x2ce
                    0x02d0                  TRISC = 0x2d0
                    0x02d0                  _TRISC = 0x2d0
                    0x02d0                  _TRISCbits = 0x2d0
                    0x02d2                  PORTC = 0x2d2
                    0x02d2                  _PORTC = 0x2d2
                    0x02d2                  _PORTCbits = 0x2d2
                    0x02d4                  LATC = 0x2d4
                    0x02d4                  _LATC = 0x2d4
                    0x02d4                  _LATCbits = 0x2d4
                    0x02d6                  ODCC = 0x2d6
                    0x02d6                  _ODCC = 0x2d6
                    0x02d6                  _ODCCbits = 0x2d6
                    0x02fc                  PADCFG1 = 0x2fc
                    0x02fc                  _PADCFG1 = 0x2fc
                    0x02fc                  _PADCFG1bits = 0x2fc
                    0x0300                  ADC1BUF0 = 0x300
                    0x0300                  _ADC1BUF0 = 0x300
                    0x0300                  ADCBUF0 = 0x300
                    0x0300                  _ADCBUF0 = 0x300
                    0x0320                  AD1CON1 = 0x320
                    0x0320                  _AD1CON1 = 0x320
                    0x0320                  _AD1CON1bits = 0x320
                    0x0322                  AD1CON2 = 0x322
                    0x0322                  _AD1CON2 = 0x322
                    0x0322                  _AD1CON2bits = 0x322
                    0x0324                  AD1CON3 = 0x324